Archive member included to satisfy reference by file (symbol)

c:/intelfpga_lite/22.1std/nios2eds/bin/gnu/h-x86_64-mingw32/bin/../lib/gcc/nios2-elf/12.1.1/mno-hw-mul\libgcc.a(lib2-divmod.o)
                              obj/default/hello_world_small.o (__modsi3)
c:/intelfpga_lite/22.1std/nios2eds/bin/gnu/h-x86_64-mingw32/bin/../lib/gcc/nios2-elf/12.1.1/../../../../../H-x86_64-mingw32/nios2-elf/lib/mno-hw-mul\libsmallc.a(lib_a-printf.o)
                              obj/default/hello_world_small.o (printf)
c:/intelfpga_lite/22.1std/nios2eds/bin/gnu/h-x86_64-mingw32/bin/../lib/gcc/nios2-elf/12.1.1/../../../../../H-x86_64-mingw32/nios2-elf/lib/mno-hw-mul\libsmallc.a(lib_a-puts.o)
                              obj/default/hello_world_small.o (puts)
c:/intelfpga_lite/22.1std/nios2eds/bin/gnu/h-x86_64-mingw32/bin/../lib/gcc/nios2-elf/12.1.1/../../../../../H-x86_64-mingw32/nios2-elf/lib/mno-hw-mul\libsmallc.a(lib_a-rand.o)
                              obj/default/hello_world_small.o (srand)
c:/intelfpga_lite/22.1std/nios2eds/bin/gnu/h-x86_64-mingw32/bin/../lib/gcc/nios2-elf/12.1.1/../../../../../H-x86_64-mingw32/nios2-elf/lib/mno-hw-mul\libsmallc.a(lib_a-strlen.o)
                              c:/intelfpga_lite/22.1std/nios2eds/bin/gnu/h-x86_64-mingw32/bin/../lib/gcc/nios2-elf/12.1.1/../../../../../H-x86_64-mingw32/nios2-elf/lib/mno-hw-mul\libsmallc.a(lib_a-puts.o) (strlen)
c:/intelfpga_lite/22.1std/nios2eds/bin/gnu/h-x86_64-mingw32/bin/../lib/gcc/nios2-elf/12.1.1/../../../../../H-x86_64-mingw32/nios2-elf/lib/mno-hw-mul\libsmallc.a(lib_a-time.o)
                              obj/default/hello_world_small.o (time)
c:/intelfpga_lite/22.1std/nios2eds/bin/gnu/h-x86_64-mingw32/bin/../lib/gcc/nios2-elf/12.1.1/../../../../../H-x86_64-mingw32/nios2-elf/lib/mno-hw-mul\libsmallc.a(lib_a-vfprintf.o)
                              c:/intelfpga_lite/22.1std/nios2eds/bin/gnu/h-x86_64-mingw32/bin/../lib/gcc/nios2-elf/12.1.1/../../../../../H-x86_64-mingw32/nios2-elf/lib/mno-hw-mul\libsmallc.a(lib_a-printf.o) (___vfprintf_internal_r)
c:/intelfpga_lite/22.1std/nios2eds/bin/gnu/h-x86_64-mingw32/bin/../lib/gcc/nios2-elf/12.1.1/../../../../../H-x86_64-mingw32/nios2-elf/lib/mno-hw-mul\libsmallc.a(lib_a-fvwrite_small_dev.o)
                              c:/intelfpga_lite/22.1std/nios2eds/bin/gnu/h-x86_64-mingw32/bin/../lib/gcc/nios2-elf/12.1.1/../../../../../H-x86_64-mingw32/nios2-elf/lib/mno-hw-mul\libsmallc.a(lib_a-printf.o) (__sfvwrite_small_dev)
c:/intelfpga_lite/22.1std/nios2eds/bin/gnu/h-x86_64-mingw32/bin/../lib/gcc/nios2-elf/12.1.1/../../../../../H-x86_64-mingw32/nios2-elf/lib/mno-hw-mul\libsmallc.a(lib_a-gettimeofdayr.o)
                              c:/intelfpga_lite/22.1std/nios2eds/bin/gnu/h-x86_64-mingw32/bin/../lib/gcc/nios2-elf/12.1.1/../../../../../H-x86_64-mingw32/nios2-elf/lib/mno-hw-mul\libsmallc.a(lib_a-time.o) (_gettimeofday_r)
c:/intelfpga_lite/22.1std/nios2eds/bin/gnu/h-x86_64-mingw32/bin/../lib/gcc/nios2-elf/12.1.1/../../../../../H-x86_64-mingw32/nios2-elf/lib/mno-hw-mul\libsmallc.a(lib_a-impure.o)
                              c:/intelfpga_lite/22.1std/nios2eds/bin/gnu/h-x86_64-mingw32/bin/../lib/gcc/nios2-elf/12.1.1/../../../../../H-x86_64-mingw32/nios2-elf/lib/mno-hw-mul\libsmallc.a(lib_a-printf.o) (_impure_ptr)
c:/intelfpga_lite/22.1std/nios2eds/bin/gnu/h-x86_64-mingw32/bin/../lib/gcc/nios2-elf/12.1.1/../../../../../H-x86_64-mingw32/nios2-elf/lib/mno-hw-mul\libsmallc.a(lib_a-int_errno.o)
                              c:/intelfpga_lite/22.1std/nios2eds/bin/gnu/h-x86_64-mingw32/bin/../lib/gcc/nios2-elf/12.1.1/../../../../../H-x86_64-mingw32/nios2-elf/lib/mno-hw-mul\libsmallc.a(lib_a-gettimeofdayr.o) (errno)
c:/intelfpga_lite/22.1std/nios2eds/bin/gnu/h-x86_64-mingw32/bin/../lib/gcc/nios2-elf/12.1.1/../../../../../H-x86_64-mingw32/nios2-elf/lib/mno-hw-mul\libsmallc.a(lib_a-writer.o)
                              c:/intelfpga_lite/22.1std/nios2eds/bin/gnu/h-x86_64-mingw32/bin/../lib/gcc/nios2-elf/12.1.1/../../../../../H-x86_64-mingw32/nios2-elf/lib/mno-hw-mul\libsmallc.a(lib_a-fvwrite_small_dev.o) (_write_r)
c:/intelfpga_lite/22.1std/nios2eds/bin/gnu/h-x86_64-mingw32/bin/../lib/gcc/nios2-elf/12.1.1/mno-hw-mul\libgcc.a(_muldi3.o)
                              c:/intelfpga_lite/22.1std/nios2eds/bin/gnu/h-x86_64-mingw32/bin/../lib/gcc/nios2-elf/12.1.1/../../../../../H-x86_64-mingw32/nios2-elf/lib/mno-hw-mul\libsmallc.a(lib_a-rand.o) (__muldi3)
c:/intelfpga_lite/22.1std/nios2eds/bin/gnu/h-x86_64-mingw32/bin/../lib/gcc/nios2-elf/12.1.1/mno-hw-mul\libgcc.a(lib2-mul.o)
                              c:/intelfpga_lite/22.1std/nios2eds/bin/gnu/h-x86_64-mingw32/bin/../lib/gcc/nios2-elf/12.1.1/../../../../../H-x86_64-mingw32/nios2-elf/lib/mno-hw-mul\libsmallc.a(lib_a-vfprintf.o) (__mulsi3)
c:/Users/minut/Desktop/ipselector/software/ipselector14_bsp/\libhal_bsp.a(alt_gettod.o)
[...]
Memory Configuration

Name             Origin             Length             Attributes
reset            0x0000000000010000 0x0000000000000020
sdram            0x0000000000010020 0x0000000000009fe0
*default*        0x0000000000000000 0xffffffffffffffff

Linker script and memory map

LOAD c:/Users/minut/Desktop/ipselector/software/ipselector14_bsp//obj/HAL/src/crt0.o
LOAD obj/default/hello_world_small.o
LOAD c:/intelfpga_lite/22.1std/nios2eds/bin/gnu/h-x86_64-mingw32/bin/../lib/gcc/nios2-elf/12.1.1/../../../../../H-x86_64-mingw32/nios2-elf/lib/mno-hw-mul\libstdc++.a
LOAD c:/intelfpga_lite/22.1std/nios2eds/bin/gnu/h-x86_64-mingw32/bin/../lib/gcc/nios2-elf/12.1.1/../../../../../H-x86_64-mingw32/nios2-elf/lib/mno-hw-mul\libm.a
LOAD c:/intelfpga_lite/22.1std/nios2eds/bin/gnu/h-x86_64-mingw32/bin/../lib/gcc/nios2-elf/12.1.1/mno-hw-mul\libgcc.a
START GROUP
LOAD c:/intelfpga_lite/22.1std/nios2eds/bin/gnu/h-x86_64-mingw32/bin/../lib/gcc/nios2-elf/12.1.1/../../../../../H-x86_64-mingw32/nios2-elf/lib/mno-hw-mul\libsmallc.a
LOAD c:/intelfpga_lite/22.1std/nios2eds/bin/gnu/h-x86_64-mingw32/bin/../lib/gcc/nios2-elf/12.1.1/mno-hw-mul\libgcc.a
LOAD c:/Users/minut/Desktop/ipselector/software/ipselector14_bsp/\libhal_bsp.a
LOAD c:/intelfpga_lite/22.1std/nios2eds/bin/gnu/h-x86_64-mingw32/bin/../lib/gcc/nios2-elf/12.1.1/../../../../../H-x86_64-mingw32/nios2-elf/lib/mno-hw-mul\libm.a
END GROUP
LOAD c:/intelfpga_lite/22.1std/nios2eds/bin/gnu/h-x86_64-mingw32/bin/../lib/gcc/nios2-elf/12.1.1/mno-hw-mul\libgcc.a
                0x0000000000010000                __alt_mem_sdram = 0x10000

.entry          0x0000000000010000       0x20
 *(.entry)
 .entry         0x0000000000010000       0x20 c:/Users/minut/Desktop/ipselector/software/ipselector14_bsp//obj/HAL/src/crt0.o
                0x0000000000010000                __reset
                0x000000000001000c                _exit

.exceptions     0x0000000000010020        0x0
                0x0000000000010020                PROVIDE (__ram_exceptions_start = ABSOLUTE (.))
                0x0000000000010020                . = ALIGN (0x20)
 *(.irq)
 *(.exceptions.entry.label)
 *(.exceptions.entry.user)
 *(.exceptions.entry.ecc_fatal)
 *(.exceptions.entry)
 *(.exceptions.irqtest.user)
 *(.exceptions.irqtest)
 *(.exceptions.irqhandler.user)
 *(.exceptions.irqhandler)
 *(.exceptions.irqreturn.user)
 *(.exceptions.irqreturn)
 *(.exceptions.notirq.label)
 *(.exceptions.notirq.user)
 *(.exceptions.notirq)
 *(.exceptions.soft.user)
 *(.exceptions.soft)
 *(.exceptions.unknown.user)
 *(.exceptions.unknown)
 *(.exceptions.exit.label)
 *(.exceptions.exit.user)
 *(.exceptions.exit)
 *(.exceptions)
                0x0000000000010020                PROVIDE (__ram_exceptions_end = ABSOLUTE (.))
                0x0000000000010020                PROVIDE (__flash_exceptions_start = LOADADDR (.exceptions))

.text           0x0000000000010020     0x1df8
                [!provide]                        PROVIDE (stext = ABSOLUTE (.))
 *(.interp)
 *(.hash)
 *(.dynsym)
 *(.dynstr)
 *(.gnu.version)
 *(.gnu.version_d)
 *(.gnu.version_r)
 *(.rel.init)
 *(.rela.init)
 *(.rel.text .rel.text.* .rel.gnu.linkonce.t.*)
 *(.rela.text .rela.text.* .rela.gnu.linkonce.t.*)
 *(.rel.fini)
 *(.rela.fini)
 *(.rel.rodata .rel.rodata.* .rel.gnu.linkonce.r.*)
 *(.rela.rodata .rela.rodata.* .rela.gnu.linkonce.r.*)
 *(.rel.data .rel.data.* .rel.gnu.linkonce.d.*)
 *(.rela.data .rela.data.* .rela.gnu.linkonce.d.*)
 *(.rel.tdata .rel.tdata.* .rel.gnu.linkonce.td.*)
 *(.rela.tdata .rela.tdata.* .rela.gnu.linkonce.td.*)
 *(.rel.tbss .rel.tbss.* .rel.gnu.linkonce.tb.*)
 *(.rela.tbss .rela.tbss.* .rela.gnu.linkonce.tb.*)
 *(.rel.ctors)
 *(.rela.ctors)
 *(.rel.dtors)
 *(.rela.dtors)
 *(.rel.got)
 *(.rela.got)
 *(.rel.sdata .rel.sdata.* .rel.gnu.linkonce.s.*)
 *(.rela.sdata .rela.sdata.* .rela.gnu.linkonce.s.*)
 *(.rel.sbss .rel.sbss.* .rel.gnu.linkonce.sb.*)
 *(.rela.sbss .rela.sbss.* .rela.gnu.linkonce.sb.*)
 *(.rel.sdata2 .rel.sdata2.* .rel.gnu.linkonce.s2.*)
 *(.rela.sdata2 .rela.sdata2.* .rela.gnu.linkonce.s2.*)
 *(.rel.sbss2 .rel.sbss2.* .rel.gnu.linkonce.sb2.*)
 *(.rela.sbss2 .rela.sbss2.* .rela.gnu.linkonce.sb2.*)
 *(.rel.bss .rel.bss.* .rel.gnu.linkonce.b.*)
 *(.rela.bss .rela.bss.* .rela.gnu.linkonce.b.*)
 *(.rel.plt)
 *(.rela.plt)
 *(.rel.dyn)
 *(.init)
 *(.plt)
 *(.text .stub .text.* .gnu.linkonce.t.*)
 .text          0x0000000000010020       0x3c c:/Users/minut/Desktop/ipselector/software/ipselector14_bsp//obj/HAL/src/crt0.o
                0x0000000000010020                _start
 .text          0x000000000001005c        0x0 obj/default/hello_world_small.o
 .text.startup  0x000000000001005c      0x22c obj/default/hello_world_small.o
                0x000000000001005c                main
 .text          0x0000000000010288      0x1b4 c:/intelfpga_lite/22.1std/nios2eds/bin/gnu/h-x86_64-mingw32/bin/../lib/gcc/nios2-elf/12.1.1/mno-hw-mul\libgcc.a(lib2-divmod.o)
                0x0000000000010288                __divsi3
                0x0000000000010308                __modsi3
                0x000000000001037c                __udivsi3
                0x00000000000103e0                __umodsi3
 .text          0x000000000001043c        0x0 c:/intelfpga_lite/22.1std/nios2eds/bin/gnu/h-x86_64-mingw32/bin/../lib/gcc/nios2-elf/12.1.1/../../../../../H-x86_64-mingw32/nios2-elf/lib/mno-hw-mul\libsmallc.a(lib_a-printf.o)
 .text._printf_r
                0x000000000001043c       0x3c c:/intelfpga_lite/22.1std/nios2eds/bin/gnu/h-x86_64-mingw32/bin/../lib/gcc/nios2-elf/12.1.1/../../../../../H-x86_64-mingw32/nios2-elf/lib/mno-hw-mul\libsmallc.a(lib_a-printf.o)
                0x000000000001043c                _printf_r
 .text.printf   0x0000000000010478       0x48 c:/intelfpga_lite/22.1std/nios2eds/bin/gnu/h-x86_64-mingw32/bin/../lib/gcc/nios2-elf/12.1.1/../../../../../H-x86_64-mingw32/nios2-elf/lib/mno-hw-mul\libsmallc.a(lib_a-printf.o)
                0x0000000000010478                printf
 .text          0x00000000000104c0        0x0 c:/intelfpga_lite/22.1std/nios2eds/bin/gnu/h-x86_64-mingw32/bin/../lib/gcc/nios2-elf/12.1.1/../../../../../H-x86_64-mingw32/nios2-elf/lib/mno-hw-mul\libsmallc.a(lib_a-puts.o)
 .text._puts_r  0x00000000000104c0       0x80 c:/intelfpga_lite/22.1std/nios2eds/bin/gnu/h-x86_64-mingw32/bin/../lib/gcc/nios2-elf/12.1.1/../../../../../H-x86_64-mingw32/nios2-elf/lib/mno-hw-mul\libsmallc.a(lib_a-puts.o)
                0x00000000000104c0                _puts_r
 .text.puts     0x0000000000010540       0x10 c:/intelfpga_lite/22.1std/nios2eds/bin/gnu/h-x86_64-mingw32/bin/../lib/gcc/nios2-elf/12.1.1/../../../../../H-x86_64-mingw32/nios2-elf/lib/mno-hw-mul\libsmallc.a(lib_a-puts.o)
                0x0000000000010540                puts
 .text          0x0000000000010550        0x0 c:/intelfpga_lite/22.1std/nios2eds/bin/gnu/h-x86_64-mingw32/bin/../lib/gcc/nios2-elf/12.1.1/../../../../../H-x86_64-mingw32/nios2-elf/lib/mno-hw-mul\libsmallc.a(lib_a-rand.o)
 .text.srand    0x0000000000010550       0x14 c:/intelfpga_lite/22.1std/nios2eds/bin/gnu/h-x86_64-mingw32/bin/../lib/gcc/nios2-elf/12.1.1/../../../../../H-x86_64-mingw32/nios2-elf/lib/mno-hw-mul\libsmallc.a(lib_a-rand.o)
                0x0000000000010550                srand
 .text.rand     0x0000000000010564       0x60 c:/intelfpga_lite/22.1std/nios2eds/bin/gnu/h-x86_64-mingw32/bin/../lib/gcc/nios2-elf/12.1.1/../../../../../H-x86_64-mingw32/nios2-elf/lib/mno-hw-mul\libsmallc.a(lib_a-rand.o)
                0x0000000000010564                rand
 .text          0x00000000000105c4        0x0 c:/intelfpga_lite/22.1std/nios2eds/bin/gnu/h-x86_64-mingw32/bin/../lib/gcc/nios2-elf/12.1.1/../../../../../H-x86_64-mingw32/nios2-elf/lib/mno-hw-mul\libsmallc.a(lib_a-strlen.o)
 .text.strlen   0x00000000000105c4       0x1c c:/intelfpga_lite/22.1std/nios2eds/bin/gnu/h-x86_64-mingw32/bin/../lib/gcc/nios2-elf/12.1.1/../../../../../H-x86_64-mingw32/nios2-elf/lib/mno-hw-mul\libsmallc.a(lib_a-strlen.o)
                0x00000000000105c4                strlen
 .text          0x00000000000105e0        0x0 c:/intelfpga_lite/22.1std/nios2eds/bin/gnu/h-x86_64-mingw32/bin/../lib/gcc/nios2-elf/12.1.1/../../../../../H-x86_64-mingw32/nios2-elf/lib/mno-hw-mul\libsmallc.a(lib_a-time.o)
 .text.time     0x00000000000105e0       0x58 c:/intelfpga_lite/22.1std/nios2eds/bin/gnu/h-x86_64-mingw32/bin/../lib/gcc/nios2-elf/12.1.1/../../../../../H-x86_64-mingw32/nios2-elf/lib/mno-hw-mul\libsmallc.a(lib_a-time.o)
                0x00000000000105e0                time
 .text          0x0000000000010638        0x0 c:/intelfpga_lite/22.1std/nios2eds/bin/gnu/h-x86_64-mingw32/bin/../lib/gcc/nios2-elf/12.1.1/../../../../../H-x86_64-mingw32/nios2-elf/lib/mno-hw-mul\libsmallc.a(lib_a-vfprintf.o)
 .text.print_repeat
                0x0000000000010638       0x6c c:/intelfpga_lite/22.1std/nios2eds/bin/gnu/h-x86_64-mingw32/bin/../lib/gcc/nios2-elf/12.1.1/../../../../../H-x86_64-mingw32/nios2-elf/lib/mno-hw-mul\libsmallc.a(lib_a-vfprintf.o)
 .text.___vfprintf_internal_r
                0x00000000000106a4      0x51c c:/intelfpga_lite/22.1std/nios2eds/bin/gnu/h-x86_64-mingw32/bin/../lib/gcc/nios2-elf/12.1.1/../../../../../H-x86_64-mingw32/nios2-elf/lib/mno-hw-mul\libsmallc.a(lib_a-vfprintf.o)
                0x00000000000106a4                ___vfprintf_internal_r
 .text.__vfprintf_internal
                0x0000000000010bc0       0x18 c:/intelfpga_lite/22.1std/nios2eds/bin/gnu/h-x86_64-mingw32/bin/../lib/gcc/nios2-elf/12.1.1/../../../../../H-x86_64-mingw32/nios2-elf/lib/mno-hw-mul\libsmallc.a(lib_a-vfprintf.o)
                0x0000000000010bc0                __vfprintf_internal
 .text          0x0000000000010bd8        0x0 c:/intelfpga_lite/22.1std/nios2eds/bin/gnu/h-x86_64-mingw32/bin/../lib/gcc/nios2-elf/12.1.1/../../../../../H-x86_64-mingw32/nios2-elf/lib/mno-hw-mul\libsmallc.a(lib_a-fvwrite_small_dev.o)
 .text.__sfvwrite_small_dev
                0x0000000000010bd8       0xa8 c:/intelfpga_lite/22.1std/nios2eds/bin/gnu/h-x86_64-mingw32/bin/../lib/gcc/nios2-elf/12.1.1/../../../../../H-x86_64-mingw32/nios2-elf/lib/mno-hw-mul\libsmallc.a(lib_a-fvwrite_small_dev.o)
                0x0000000000010bd8                __sfvwrite_small_dev
 .text          0x0000000000010c80        0x0 c:/intelfpga_lite/22.1std/nios2eds/bin/gnu/h-x86_64-mingw32/bin/../lib/gcc/nios2-elf/12.1.1/../../../../../H-x86_64-mingw32/nios2-elf/lib/mno-hw-mul\libsmallc.a(lib_a-gettimeofdayr.o)
 .text._gettimeofday_r
                0x0000000000010c80       0x4c c:/intelfpga_lite/22.1std/nios2eds/bin/gnu/h-x86_64-mingw32/bin/../lib/gcc/nios2-elf/12.1.1/../../../../../H-x86_64-mingw32/nios2-elf/lib/mno-hw-mul\libsmallc.a(lib_a-gettimeofdayr.o)
                0x0000000000010c80                _gettimeofday_r
 .text          0x0000000000010ccc        0x0 c:/intelfpga_lite/22.1std/nios2eds/bin/gnu/h-x86_64-mingw32/bin/../lib/gcc/nios2-elf/12.1.1/../../../../../H-x86_64-mingw32/nios2-elf/lib/mno-hw-mul\libsmallc.a(lib_a-impure.o)
 .text          0x0000000000010ccc        0x0 c:/intelfpga_lite/22.1std/nios2eds/bin/gnu/h-x86_64-mingw32/bin/../lib/gcc/nios2-elf/12.1.1/../../../../../H-x86_64-mingw32/nios2-elf/lib/mno-hw-mul\libsmallc.a(lib_a-int_errno.o)
 .text          0x0000000000010ccc        0x0 c:/intelfpga_lite/22.1std/nios2eds/bin/gnu/h-x86_64-mingw32/bin/../lib/gcc/nios2-elf/12.1.1/../../../../../H-x86_64-mingw32/nios2-elf/lib/mno-hw-mul\libsmallc.a(lib_a-writer.o)
 .text._write_r
                0x0000000000010ccc       0x50 c:/intelfpga_lite/22.1std/nios2eds/bin/gnu/h-x86_64-mingw32/bin/../lib/gcc/nios2-elf/12.1.1/../../../../../H-x86_64-mingw32/nios2-elf/lib/mno-hw-mul\libsmallc.a(lib_a-writer.o)
                0x0000000000010ccc                _write_r
 .text          0x0000000000010d1c      0x104 c:/intelfpga_lite/22.1std/nios2eds/bin/gnu/h-x86_64-mingw32/bin/../lib/gcc/nios2-elf/12.1.1/mno-hw-mul\libgcc.a(_muldi3.o)
                0x0000000000010d1c                __muldi3
 .text          0x0000000000010e20       0x28 c:/intelfpga_lite/22.1std/nios2eds/bin/gnu/h-x86_64-mingw32/bin/../lib/gcc/nios2-elf/12.1.1/mno-hw-mul\libgcc.a(lib2-mul.o)
                0x0000000000010e20                __mulsi3
 .text          0x0000000000010e48      0x18c c:/Users/minut/Desktop/ipselector/software/ipselector14_bsp/\libhal_bsp.a(alt_gettod.o)
                0x0000000000010e48                gettimeofday
 .text          0x0000000000010fd4       0x84 c:/Users/minut/Desktop/ipselector/software/ipselector14_bsp/\libhal_bsp.a(alt_load.o)
                0x0000000000010fd4                alt_load
 .text          0x0000000000011058       0x2c c:/Users/minut/Desktop/ipselector/software/ipselector14_bsp/\libhal_bsp.a(alt_main.o)
                0x0000000000011058                alt_main
 .text          0x0000000000011084       0xe4 c:/Users/minut/Desktop/ipselector/software/ipselector14_bsp/\libhal_bsp.a(alt_tick.o)
                0x0000000000011084                alt_alarm_stop
                0x00000000000110b4                alt_tick
 .text          0x0000000000011168        0x4 c:/Users/minut/Desktop/ipselector/software/ipselector14_bsp/\libhal_bsp.a(alt_usleep.o)
                0x0000000000011168                usleep
 .text          0x000000000001116c       0x5c c:/Users/minut/Desktop/ipselector/software/ipselector14_bsp/\libhal_bsp.a(alt_write.o)
                0x000000000001116c                write
 .text          0x00000000000111c8       0x24 c:/Users/minut/Desktop/ipselector/software/ipselector14_bsp/\libhal_bsp.a(alt_sys_init.o)
                0x00000000000111c8                alt_irq_init
                0x00000000000111e8                alt_sys_init
 .text          0x00000000000111ec       0x30 c:/Users/minut/Desktop/ipselector/software/ipselector14_bsp/\libhal_bsp.a(altera_avalon_jtag_uart_write.o)
                0x00000000000111ec                altera_avalon_jtag_uart_write
 .text          0x000000000001121c       0x90 c:/Users/minut/Desktop/ipselector/software/ipselector14_bsp/\libhal_bsp.a(alt_busy_sleep.o)
                0x000000000001121c                alt_busy_sleep
 .text          0x00000000000112ac        0x4 c:/Users/minut/Desktop/ipselector/software/ipselector14_bsp/\libhal_bsp.a(alt_dcache_flush_all.o)
                0x00000000000112ac                alt_dcache_flush_all
 .text          0x00000000000112b0        0x0 c:/Users/minut/Desktop/ipselector/software/ipselector14_bsp/\libhal_bsp.a(alt_errno.o)
 .text          0x00000000000112b0        0x4 c:/Users/minut/Desktop/ipselector/software/ipselector14_bsp/\libhal_bsp.a(alt_icache_flush_all.o)
                0x00000000000112b0                alt_icache_flush_all
 .text          0x00000000000112b4        0x8 c:/Users/minut/Desktop/ipselector/software/ipselector14_bsp/\libhal_bsp.a(altera_nios2_gen2_irq.o)
                0x00000000000112b4                altera_nios2_gen2_irq_init
 .text          0x00000000000112bc        0x0 c:/intelfpga_lite/22.1std/nios2eds/bin/gnu/h-x86_64-mingw32/bin/../lib/gcc/nios2-elf/12.1.1/../../../../../H-x86_64-mingw32/nios2-elf/lib/mno-hw-mul\libsmallc.a(lib_a-memcpy.o)
 .text.memcpy   0x00000000000112bc       0x28 c:/intelfpga_lite/22.1std/nios2eds/bin/gnu/h-x86_64-mingw32/bin/../lib/gcc/nios2-elf/12.1.1/../../../../../H-x86_64-mingw32/nios2-elf/lib/mno-hw-mul\libsmallc.a(lib_a-memcpy.o)
                0x00000000000112bc                memcpy
 .text          0x00000000000112e4      0x5d8 c:/intelfpga_lite/22.1std/nios2eds/bin/gnu/h-x86_64-mingw32/bin/../lib/gcc/nios2-elf/12.1.1/mno-hw-mul\libgcc.a(_udivdi3.o)
                0x00000000000112e4                __udivdi3
 .text          0x00000000000118bc      0x55c c:/intelfpga_lite/22.1std/nios2eds/bin/gnu/h-x86_64-mingw32/bin/../lib/gcc/nios2-elf/12.1.1/mno-hw-mul\libgcc.a(_umoddi3.o)
                0x00000000000118bc                __umoddi3
 .text          0x0000000000011e18        0x0 c:/intelfpga_lite/22.1std/nios2eds/bin/gnu/h-x86_64-mingw32/bin/../lib/gcc/nios2-elf/12.1.1/mno-hw-mul\libgcc.a(_clz.o)
 *(.gnu.warning.*)
 *(.fini)
                [!provide]                        PROVIDE (__etext = ABSOLUTE (.))
                [!provide]                        PROVIDE (_etext = ABSOLUTE (.))
                [!provide]                        PROVIDE (etext = ABSOLUTE (.))
 *(.eh_frame_hdr)
                0x0000000000011e18                . = ALIGN (0x4)
                [!provide]                        PROVIDE (__preinit_array_start = ABSOLUTE (.))
 *(.preinit_array)
                [!provide]                        PROVIDE (__preinit_array_end = ABSOLUTE (.))
                [!provide]                        PROVIDE (__init_array_start = ABSOLUTE (.))
 *(.init_array)
                [!provide]                        PROVIDE (__init_array_end = ABSOLUTE (.))
                [!provide]                        PROVIDE (__fini_array_start = ABSOLUTE (.))
 *(.fini_array)
                [!provide]                        PROVIDE (__fini_array_end = ABSOLUTE (.))
 *(.eh_frame)
 *(.gcc_except_table .gcc_except_table.*)
 *(.dynamic)
                [!provide]                        PROVIDE (__CTOR_LIST__ = ABSOLUTE (.))
 *(.ctors)
 *(SORT_BY_NAME(.ctors.*))
                [!provide]                        PROVIDE (__CTOR_END__ = ABSOLUTE (.))
                [!provide]                        PROVIDE (__DTOR_LIST__ = ABSOLUTE (.))
 *(.dtors)
 *(SORT_BY_NAME(.dtors.*))
                [!provide]                        PROVIDE (__DTOR_END__ = ABSOLUTE (.))
 *(.jcr)
                0x0000000000011e18                . = ALIGN (0x4)

.rodata         0x0000000000011e18      0x154
                0x0000000000011e18                PROVIDE (__ram_rodata_start = ABSOLUTE (.))
                0x0000000000011e18                . = ALIGN (0x4)
 *(.rodata .rodata.* .gnu.linkonce.r.*)
 .rodata.str1.4
                0x0000000000011e18       0x54 obj/default/hello_world_small.o
 .rodata._puts_r.str1.4
                0x0000000000011e6c       0x54 c:/intelfpga_lite/22.1std/nios2eds/bin/gnu/h-x86_64-mingw32/bin/../lib/gcc/nios2-elf/12.1.1/../../../../../H-x86_64-mingw32/nios2-elf/lib/mno-hw-mul\libsmallc.a(lib_a-puts.o)
                                          0x2 (size before relaxing)
 .rodata        0x0000000000011e6c      0x100 c:/intelfpga_lite/22.1std/nios2eds/bin/gnu/h-x86_64-mingw32/bin/../lib/gcc/nios2-elf/12.1.1/mno-hw-mul\libgcc.a(_clz.o)
                0x0000000000011e6c                __clz_tab
 *(.rodata1)
                0x0000000000011f6c                . = ALIGN (0x4)
                0x0000000000011f6c                PROVIDE (__ram_rodata_end = ABSOLUTE (.))
                0x0000000000011e18                PROVIDE (__flash_rodata_start = LOADADDR (.rodata))

.rwdata         0x0000000000011f6c      0x124 load address 0x0000000000012090
                0x0000000000011f6c                PROVIDE (__ram_rwdata_start = ABSOLUTE (.))
                0x0000000000011f6c                . = ALIGN (0x4)
 *(.got.plt)
 *(.got)
 *(.data1)
 *(.data .data.* .gnu.linkonce.d.*)
 .data          0x0000000000011f6c        0x0 c:/Users/minut/Desktop/ipselector/software/ipselector14_bsp//obj/HAL/src/crt0.o
 .data          0x0000000000011f6c       0x28 obj/default/hello_world_small.o
                0x0000000000011f6c                segments
 .data          0x0000000000011f94        0x0 c:/intelfpga_lite/22.1std/nios2eds/bin/gnu/h-x86_64-mingw32/bin/../lib/gcc/nios2-elf/12.1.1/mno-hw-mul\libgcc.a(lib2-divmod.o)
 .data          0x0000000000011f94        0x0 c:/intelfpga_lite/22.1std/nios2eds/bin/gnu/h-x86_64-mingw32/bin/../lib/gcc/nios2-elf/12.1.1/../../../../../H-x86_64-mingw32/nios2-elf/lib/mno-hw-mul\libsmallc.a(lib_a-printf.o)
 .data          0x0000000000011f94        0x0 c:/intelfpga_lite/22.1std/nios2eds/bin/gnu/h-x86_64-mingw32/bin/../lib/gcc/nios2-elf/12.1.1/../../../../../H-x86_64-mingw32/nios2-elf/lib/mno-hw-mul\libsmallc.a(lib_a-puts.o)
 .data          0x0000000000011f94        0x0 c:/intelfpga_lite/22.1std/nios2eds/bin/gnu/h-x86_64-mingw32/bin/../lib/gcc/nios2-elf/12.1.1/../../../../../H-x86_64-mingw32/nios2-elf/lib/mno-hw-mul\libsmallc.a(lib_a-rand.o)
 .data          0x0000000000011f94        0x0 c:/intelfpga_lite/22.1std/nios2eds/bin/gnu/h-x86_64-mingw32/bin/../lib/gcc/nios2-elf/12.1.1/../../../../../H-x86_64-mingw32/nios2-elf/lib/mno-hw-mul\libsmallc.a(lib_a-strlen.o)
 .data          0x0000000000011f94        0x0 c:/intelfpga_lite/22.1std/nios2eds/bin/gnu/h-x86_64-mingw32/bin/../lib/gcc/nios2-elf/12.1.1/../../../../../H-x86_64-mingw32/nios2-elf/lib/mno-hw-mul\libsmallc.a(lib_a-time.o)
 .data          0x0000000000011f94        0x0 c:/intelfpga_lite/22.1std/nios2eds/bin/gnu/h-x86_64-mingw32/bin/../lib/gcc/nios2-elf/12.1.1/../../../../../H-x86_64-mingw32/nios2-elf/lib/mno-hw-mul\libsmallc.a(lib_a-vfprintf.o)
 .data          0x0000000000011f94        0x0 c:/intelfpga_lite/22.1std/nios2eds/bin/gnu/h-x86_64-mingw32/bin/../lib/gcc/nios2-elf/12.1.1/../../../../../H-x86_64-mingw32/nios2-elf/lib/mno-hw-mul\libsmallc.a(lib_a-fvwrite_small_dev.o)
 .data          0x0000000000011f94        0x0 c:/intelfpga_lite/22.1std/nios2eds/bin/gnu/h-x86_64-mingw32/bin/../lib/gcc/nios2-elf/12.1.1/../../../../../H-x86_64-mingw32/nios2-elf/lib/mno-hw-mul\libsmallc.a(lib_a-gettimeofdayr.o)
 .data          0x0000000000011f94        0x0 c:/intelfpga_lite/22.1std/nios2eds/bin/gnu/h-x86_64-mingw32/bin/../lib/gcc/nios2-elf/12.1.1/../../../../../H-x86_64-mingw32/nios2-elf/lib/mno-hw-mul\libsmallc.a(lib_a-impure.o)
 .data.impure_data
                0x0000000000011f94       0xe4 c:/intelfpga_lite/22.1std/nios2eds/bin/gnu/h-x86_64-mingw32/bin/../lib/gcc/nios2-elf/12.1.1/../../../../../H-x86_64-mingw32/nios2-elf/lib/mno-hw-mul\libsmallc.a(lib_a-impure.o)
 .data          0x0000000000012078        0x0 c:/intelfpga_lite/22.1std/nios2eds/bin/gnu/h-x86_64-mingw32/bin/../lib/gcc/nios2-elf/12.1.1/../../../../../H-x86_64-mingw32/nios2-elf/lib/mno-hw-mul\libsmallc.a(lib_a-int_errno.o)
 .data          0x0000000000012078        0x0 c:/intelfpga_lite/22.1std/nios2eds/bin/gnu/h-x86_64-mingw32/bin/../lib/gcc/nios2-elf/12.1.1/../../../../../H-x86_64-mingw32/nios2-elf/lib/mno-hw-mul\libsmallc.a(lib_a-writer.o)
 .data          0x0000000000012078        0x0 c:/intelfpga_lite/22.1std/nios2eds/bin/gnu/h-x86_64-mingw32/bin/../lib/gcc/nios2-elf/12.1.1/mno-hw-mul\libgcc.a(_muldi3.o)
 .data          0x0000000000012078        0x0 c:/intelfpga_lite/22.1std/nios2eds/bin/gnu/h-x86_64-mingw32/bin/../lib/gcc/nios2-elf/12.1.1/mno-hw-mul\libgcc.a(lib2-mul.o)
 .data          0x0000000000012078        0x0 c:/Users/minut/Desktop/ipselector/software/ipselector14_bsp/\libhal_bsp.a(alt_gettod.o)
 .data          0x0000000000012078        0x0 c:/Users/minut/Desktop/ipselector/software/ipselector14_bsp/\libhal_bsp.a(alt_load.o)
 .data          0x0000000000012078        0x0 c:/Users/minut/Desktop/ipselector/software/ipselector14_bsp/\libhal_bsp.a(alt_main.o)
 .data          0x0000000000012078        0x0 c:/Users/minut/Desktop/ipselector/software/ipselector14_bsp/\libhal_bsp.a(alt_tick.o)
 .data          0x0000000000012078        0x0 c:/Users/minut/Desktop/ipselector/software/ipselector14_bsp/\libhal_bsp.a(alt_usleep.o)
 .data          0x0000000000012078        0x0 c:/Users/minut/Desktop/ipselector/software/ipselector14_bsp/\libhal_bsp.a(alt_write.o)
 .data          0x0000000000012078        0x0 c:/Users/minut/Desktop/ipselector/software/ipselector14_bsp/\libhal_bsp.a(alt_sys_init.o)
 .data          0x0000000000012078        0x0 c:/Users/minut/Desktop/ipselector/software/ipselector14_bsp/\libhal_bsp.a(altera_avalon_jtag_uart_write.o)
 .data          0x0000000000012078        0x0 c:/Users/minut/Desktop/ipselector/software/ipselector14_bsp/\libhal_bsp.a(alt_busy_sleep.o)
 .data          0x0000000000012078        0x0 c:/Users/minut/Desktop/ipselector/software/ipselector14_bsp/\libhal_bsp.a(alt_dcache_flush_all.o)
 .data          0x0000000000012078        0x0 c:/Users/minut/Desktop/ipselector/software/ipselector14_bsp/\libhal_bsp.a(alt_errno.o)
 .data          0x0000000000012078        0x0 c:/Users/minut/Desktop/ipselector/software/ipselector14_bsp/\libhal_bsp.a(alt_icache_flush_all.o)
 .data          0x0000000000012078        0x0 c:/Users/minut/Desktop/ipselector/software/ipselector14_bsp/\libhal_bsp.a(altera_nios2_gen2_irq.o)
 .data          0x0000000000012078        0x0 c:/intelfpga_lite/22.1std/nios2eds/bin/gnu/h-x86_64-mingw32/bin/../lib/gcc/nios2-elf/12.1.1/../../../../../H-x86_64-mingw32/nios2-elf/lib/mno-hw-mul\libsmallc.a(lib_a-memcpy.o)
 .data          0x0000000000012078        0x0 c:/intelfpga_lite/22.1std/nios2eds/bin/gnu/h-x86_64-mingw32/bin/../lib/gcc/nios2-elf/12.1.1/mno-hw-mul\libgcc.a(_udivdi3.o)
 .data          0x0000000000012078        0x0 c:/intelfpga_lite/22.1std/nios2eds/bin/gnu/h-x86_64-mingw32/bin/../lib/gcc/nios2-elf/12.1.1/mno-hw-mul\libgcc.a(_umoddi3.o)
 .data          0x0000000000012078        0x0 c:/intelfpga_lite/22.1std/nios2eds/bin/gnu/h-x86_64-mingw32/bin/../lib/gcc/nios2-elf/12.1.1/mno-hw-mul\libgcc.a(_clz.o)
                0x000000000001a078                _gp = ABSOLUTE ((. + 0x8000))
                [!provide]                        PROVIDE (gp = _gp)
 *(.rwdata .rwdata.*)
 *(.sdata .sdata.* .gnu.linkonce.s.*)
 .sdata._global_impure_ptr
                0x0000000000012078        0x4 c:/intelfpga_lite/22.1std/nios2eds/bin/gnu/h-x86_64-mingw32/bin/../lib/gcc/nios2-elf/12.1.1/../../../../../H-x86_64-mingw32/nios2-elf/lib/mno-hw-mul\libsmallc.a(lib_a-impure.o)
                0x0000000000012078                _global_impure_ptr
 .sdata._impure_ptr
                0x000000000001207c        0x4 c:/intelfpga_lite/22.1std/nios2eds/bin/gnu/h-x86_64-mingw32/bin/../lib/gcc/nios2-elf/12.1.1/../../../../../H-x86_64-mingw32/nios2-elf/lib/mno-hw-mul\libsmallc.a(lib_a-impure.o)
                0x000000000001207c                _impure_ptr
 .sdata         0x0000000000012080        0x8 c:/Users/minut/Desktop/ipselector/software/ipselector14_bsp/\libhal_bsp.a(alt_tick.o)
                0x0000000000012080                alt_alarm_list
 .sdata         0x0000000000012088        0x4 c:/Users/minut/Desktop/ipselector/software/ipselector14_bsp/\libhal_bsp.a(alt_sys_init.o)
                0x0000000000012088                debug
 .sdata         0x000000000001208c        0x4 c:/Users/minut/Desktop/ipselector/software/ipselector14_bsp/\libhal_bsp.a(alt_errno.o)
                0x000000000001208c                alt_errno
 *(.sdata2 .sdata2.* .gnu.linkonce.s2.*)
                0x0000000000012090                . = ALIGN (0x4)
                0x0000000000012090                _edata = ABSOLUTE (.)
                [!provide]                        PROVIDE (edata = ABSOLUTE (.))
                0x0000000000012090                PROVIDE (__ram_rwdata_end = ABSOLUTE (.))
                0x0000000000012090                PROVIDE (__flash_rwdata_start = LOADADDR (.rwdata))

.bss            0x00000000000121b4       0x38
                0x00000000000121b4                __bss_start = ABSOLUTE (.)
                [!provide]                        PROVIDE (__sbss_start = ABSOLUTE (.))
                [!provide]                        PROVIDE (___sbss_start = ABSOLUTE (.))
 *(.dynsbss)
 *(.sbss .sbss.* .gnu.linkonce.sb.*)
 .sbss._randbits
                0x00000000000121b4        0x8 c:/intelfpga_lite/22.1std/nios2eds/bin/gnu/h-x86_64-mingw32/bin/../lib/gcc/nios2-elf/12.1.1/../../../../../H-x86_64-mingw32/nios2-elf/lib/mno-hw-mul\libsmallc.a(lib_a-rand.o)
 .sbss.errno    0x00000000000121bc        0x4 c:/intelfpga_lite/22.1std/nios2eds/bin/gnu/h-x86_64-mingw32/bin/../lib/gcc/nios2-elf/12.1.1/../../../../../H-x86_64-mingw32/nios2-elf/lib/mno-hw-mul\libsmallc.a(lib_a-int_errno.o)
                0x00000000000121bc                errno
 .sbss          0x00000000000121c0        0x8 c:/Users/minut/Desktop/ipselector/software/ipselector14_bsp/\libhal_bsp.a(alt_gettod.o)
                0x00000000000121c0                alt_timezone
 .sbss          0x00000000000121c8        0xc c:/Users/minut/Desktop/ipselector/software/ipselector14_bsp/\libhal_bsp.a(alt_main.o)
                0x00000000000121c8                alt_envp
                0x00000000000121cc                alt_argv
                0x00000000000121d0                alt_argc
 .sbss          0x00000000000121d4        0xc c:/Users/minut/Desktop/ipselector/software/ipselector14_bsp/\libhal_bsp.a(alt_tick.o)
                0x00000000000121d4                _alt_nticks
                0x00000000000121dc                _alt_tick_rate
 *(.sbss2 .sbss2.* .gnu.linkonce.sb2.*)
 *(.scommon)
                [!provide]                        PROVIDE (__sbss_end = ABSOLUTE (.))
                [!provide]                        PROVIDE (___sbss_end = ABSOLUTE (.))
 *(.dynbss)
 *(.bss .bss.* .gnu.linkonce.b.*)
 .bss           0x00000000000121e0        0x0 c:/Users/minut/Desktop/ipselector/software/ipselector14_bsp//obj/HAL/src/crt0.o
 .bss           0x00000000000121e0        0x0 obj/default/hello_world_small.o
 .bss           0x00000000000121e0        0x0 c:/intelfpga_lite/22.1std/nios2eds/bin/gnu/h-x86_64-mingw32/bin/../lib/gcc/nios2-elf/12.1.1/mno-hw-mul\libgcc.a(lib2-divmod.o)
 .bss           0x00000000000121e0        0x0 c:/intelfpga_lite/22.1std/nios2eds/bin/gnu/h-x86_64-mingw32/bin/../lib/gcc/nios2-elf/12.1.1/../../../../../H-x86_64-mingw32/nios2-elf/lib/mno-hw-mul\libsmallc.a(lib_a-printf.o)
 .bss           0x00000000000121e0        0x0 c:/intelfpga_lite/22.1std/nios2eds/bin/gnu/h-x86_64-mingw32/bin/../lib/gcc/nios2-elf/12.1.1/../../../../../H-x86_64-mingw32/nios2-elf/lib/mno-hw-mul\libsmallc.a(lib_a-puts.o)
 .bss           0x00000000000121e0        0x0 c:/intelfpga_lite/22.1std/nios2eds/bin/gnu/h-x86_64-mingw32/bin/../lib/gcc/nios2-elf/12.1.1/../../../../../H-x86_64-mingw32/nios2-elf/lib/mno-hw-mul\libsmallc.a(lib_a-rand.o)
 .bss           0x00000000000121e0        0x0 c:/intelfpga_lite/22.1std/nios2eds/bin/gnu/h-x86_64-mingw32/bin/../lib/gcc/nios2-elf/12.1.1/../../../../../H-x86_64-mingw32/nios2-elf/lib/mno-hw-mul\libsmallc.a(lib_a-strlen.o)
 .bss           0x00000000000121e0        0x0 c:/intelfpga_lite/22.1std/nios2eds/bin/gnu/h-x86_64-mingw32/bin/../lib/gcc/nios2-elf/12.1.1/../../../../../H-x86_64-mingw32/nios2-elf/lib/mno-hw-mul\libsmallc.a(lib_a-time.o)
 .bss           0x00000000000121e0        0x0 c:/intelfpga_lite/22.1std/nios2eds/bin/gnu/h-x86_64-mingw32/bin/../lib/gcc/nios2-elf/12.1.1/../../../../../H-x86_64-mingw32/nios2-elf/lib/mno-hw-mul\libsmallc.a(lib_a-vfprintf.o)
 .bss           0x00000000000121e0        0x0 c:/intelfpga_lite/22.1std/nios2eds/bin/gnu/h-x86_64-mingw32/bin/../lib/gcc/nios2-elf/12.1.1/../../../../../H-x86_64-mingw32/nios2-elf/lib/mno-hw-mul\libsmallc.a(lib_a-fvwrite_small_dev.o)
 .bss           0x00000000000121e0        0x0 c:/intelfpga_lite/22.1std/nios2eds/bin/gnu/h-x86_64-mingw32/bin/../lib/gcc/nios2-elf/12.1.1/../../../../../H-x86_64-mingw32/nios2-elf/lib/mno-hw-mul\libsmallc.a(lib_a-gettimeofdayr.o)
 .bss           0x00000000000121e0        0x0 c:/intelfpga_lite/22.1std/nios2eds/bin/gnu/h-x86_64-mingw32/bin/../lib/gcc/nios2-elf/12.1.1/../../../../../H-x86_64-mingw32/nios2-elf/lib/mno-hw-mul\libsmallc.a(lib_a-impure.o)
 .bss           0x00000000000121e0        0x0 c:/intelfpga_lite/22.1std/nios2eds/bin/gnu/h-x86_64-mingw32/bin/../lib/gcc/nios2-elf/12.1.1/../../../../../H-x86_64-mingw32/nios2-elf/lib/mno-hw-mul\libsmallc.a(lib_a-int_errno.o)
 .bss           0x00000000000121e0        0x0 c:/intelfpga_lite/22.1std/nios2eds/bin/gnu/h-x86_64-mingw32/bin/../lib/gcc/nios2-elf/12.1.1/../../../../../H-x86_64-mingw32/nios2-elf/lib/mno-hw-mul\libsmallc.a(lib_a-writer.o)
 .bss           0x00000000000121e0        0x0 c:/intelfpga_lite/22.1std/nios2eds/bin/gnu/h-x86_64-mingw32/bin/../lib/gcc/nios2-elf/12.1.1/mno-hw-mul\libgcc.a(_muldi3.o)
 .bss           0x00000000000121e0        0x0 c:/intelfpga_lite/22.1std/nios2eds/bin/gnu/h-x86_64-mingw32/bin/../lib/gcc/nios2-elf/12.1.1/mno-hw-mul\libgcc.a(lib2-mul.o)
 .bss           0x00000000000121e0        0xc c:/Users/minut/Desktop/ipselector/software/ipselector14_bsp/\libhal_bsp.a(alt_gettod.o)
                0x00000000000121e0                alt_resettime
 .bss           0x00000000000121ec        0x0 c:/Users/minut/Desktop/ipselector/software/ipselector14_bsp/\libhal_bsp.a(alt_load.o)
 .bss           0x00000000000121ec        0x0 c:/Users/minut/Desktop/ipselector/software/ipselector14_bsp/\libhal_bsp.a(alt_main.o)
 .bss           0x00000000000121ec        0x0 c:/Users/minut/Desktop/ipselector/software/ipselector14_bsp/\libhal_bsp.a(alt_tick.o)
 .bss           0x00000000000121ec        0x0 c:/Users/minut/Desktop/ipselector/software/ipselector14_bsp/\libhal_bsp.a(alt_usleep.o)
 .bss           0x00000000000121ec        0x0 c:/Users/minut/Desktop/ipselector/software/ipselector14_bsp/\libhal_bsp.a(alt_write.o)
 .bss           0x00000000000121ec        0x0 c:/Users/minut/Desktop/ipselector/software/ipselector14_bsp/\libhal_bsp.a(alt_sys_init.o)
 .bss           0x00000000000121ec        0x0 c:/Users/minut/Desktop/ipselector/software/ipselector14_bsp/\libhal_bsp.a(altera_avalon_jtag_uart_write.o)
 .bss           0x00000000000121ec        0x0 c:/Users/minut/Desktop/ipselector/software/ipselector14_bsp/\libhal_bsp.a(alt_busy_sleep.o)
 .bss           0x00000000000121ec        0x0 c:/Users/minut/Desktop/ipselector/software/ipselector14_bsp/\libhal_bsp.a(alt_dcache_flush_all.o)
 .bss           0x00000000000121ec        0x0 c:/Users/minut/Desktop/ipselector/software/ipselector14_bsp/\libhal_bsp.a(alt_errno.o)
 .bss           0x00000000000121ec        0x0 c:/Users/minut/Desktop/ipselector/software/ipselector14_bsp/\libhal_bsp.a(alt_icache_flush_all.o)
 .bss           0x00000000000121ec        0x0 c:/Users/minut/Desktop/ipselector/software/ipselector14_bsp/\libhal_bsp.a(altera_nios2_gen2_irq.o)
 .bss           0x00000000000121ec        0x0 c:/intelfpga_lite/22.1std/nios2eds/bin/gnu/h-x86_64-mingw32/bin/../lib/gcc/nios2-elf/12.1.1/../../../../../H-x86_64-mingw32/nios2-elf/lib/mno-hw-mul\libsmallc.a(lib_a-memcpy.o)
 .bss           0x00000000000121ec        0x0 c:/intelfpga_lite/22.1std/nios2eds/bin/gnu/h-x86_64-mingw32/bin/../lib/gcc/nios2-elf/12.1.1/mno-hw-mul\libgcc.a(_udivdi3.o)
 .bss           0x00000000000121ec        0x0 c:/intelfpga_lite/22.1std/nios2eds/bin/gnu/h-x86_64-mingw32/bin/../lib/gcc/nios2-elf/12.1.1/mno-hw-mul\libgcc.a(_umoddi3.o)
 .bss           0x00000000000121ec        0x0 c:/intelfpga_lite/22.1std/nios2eds/bin/gnu/h-x86_64-mingw32/bin/../lib/gcc/nios2-elf/12.1.1/mno-hw-mul\libgcc.a(_clz.o)
 *(COMMON)
                0x00000000000121ec                . = ALIGN (0x4)
                0x00000000000121ec                __bss_end = ABSOLUTE (.)

.sdram          0x00000000000121ec        0x0
                [!provide]                        PROVIDE (_alt_partition_sdram_start = ABSOLUTE (.))
 *(.sdram .sdram. sdram.*)
                0x00000000000121ec                . = ALIGN (0x4)
                [!provide]                        PROVIDE (_alt_partition_sdram_end = ABSOLUTE (.))
                0x00000000000121ec                _end = ABSOLUTE (.)
                0x00000000000121ec                end = ABSOLUTE (.)
                0x00000000000121ec                __alt_stack_base = ABSOLUTE (.)
                [!provide]                        PROVIDE (_alt_partition_sdram_load_addr = LOADADDR (.sdram))

.stab
 *(.stab)

.stabstr
 *(.stabstr)

.stab.excl
 *(.stab.excl)

.stab.exclstr
 *(.stab.exclstr)

.stab.index
 *(.stab.index)

.stab.indexstr
 *(.stab.indexstr)

.comment        0x0000000000000000       0x2d
 *(.comment)
 .comment       0x0000000000000000       0x2d obj/default/hello_world_small.o
                                         0x2e (size before relaxing)
 .comment       0x000000000000002d       0x2e c:/intelfpga_lite/22.1std/nios2eds/bin/gnu/h-x86_64-mingw32/bin/../lib/gcc/nios2-elf/12.1.1/mno-hw-mul\libgcc.a(lib2-divmod.o)
 .comment       0x000000000000002d       0x2e c:/intelfpga_lite/22.1std/nios2eds/bin/gnu/h-x86_64-mingw32/bin/../lib/gcc/nios2-elf/12.1.1/../../../../../H-x86_64-mingw32/nios2-elf/lib/mno-hw-mul\libsmallc.a(lib_a-printf.o)
 .comment       0x000000000000002d       0x2e c:/intelfpga_lite/22.1std/nios2eds/bin/gnu/h-x86_64-mingw32/bin/../lib/gcc/nios2-elf/12.1.1/../../../../../H-x86_64-mingw32/nios2-elf/lib/mno-hw-mul\libsmallc.a(lib_a-puts.o)
 .comment       0x000000000000002d       0x2e c:/intelfpga_lite/22.1std/nios2eds/bin/gnu/h-x86_64-mingw32/bin/../lib/gcc/nios2-elf/12.1.1/../../../../../H-x86_64-mingw32/nios2-elf/lib/mno-hw-mul\libsmallc.a(lib_a-rand.o)
 .comment       0x000000000000002d       0x2e c:/intelfpga_lite/22.1std/nios2eds/bin/gnu/h-x86_64-mingw32/bin/../lib/gcc/nios2-elf/12.1.1/../../../../../H-x86_64-mingw32/nios2-elf/lib/mno-hw-mul\libsmallc.a(lib_a-strlen.o)
 .comment       0x000000000000002d       0x2e c:/intelfpga_lite/22.1std/nios2eds/bin/gnu/h-x86_64-mingw32/bin/../lib/gcc/nios2-elf/12.1.1/../../../../../H-x86_64-mingw32/nios2-elf/lib/mno-hw-mul\libsmallc.a(lib_a-time.o)
 .comment       0x000000000000002d       0x2e c:/intelfpga_lite/22.1std/nios2eds/bin/gnu/h-x86_64-mingw32/bin/../lib/gcc/nios2-elf/12.1.1/../../../../../H-x86_64-mingw32/nios2-elf/lib/mno-hw-mul\libsmallc.a(lib_a-vfprintf.o)
 .comment       0x000000000000002d       0x2e c:/intelfpga_lite/22.1std/nios2eds/bin/gnu/h-x86_64-mingw32/bin/../lib/gcc/nios2-elf/12.1.1/../../../../../H-x86_64-mingw32/nios2-elf/lib/mno-hw-mul\libsmallc.a(lib_a-fvwrite_small_dev.o)
 .comment       0x000000000000002d       0x2e c:/intelfpga_lite/22.1std/nios2eds/bin/gnu/h-x86_64-mingw32/bin/../lib/gcc/nios2-elf/12.1.1/../../../../../H-x86_64-mingw32/nios2-elf/lib/mno-hw-mul\libsmallc.a(lib_a-gettimeofdayr.o)
 .comment       0x000000000000002d       0x2e c:/intelfpga_lite/22.1std/nios2eds/bin/gnu/h-x86_64-mingw32/bin/../lib/gcc/nios2-elf/12.1.1/../../../../../H-x86_64-mingw32/nios2-elf/lib/mno-hw-mul\libsmallc.a(lib_a-impure.o)
 .comment       0x000000000000002d       0x2e c:/intelfpga_lite/22.1std/nios2eds/bin/gnu/h-x86_64-mingw32/bin/../lib/gcc/nios2-elf/12.1.1/../../../../../H-x86_64-mingw32/nios2-elf/lib/mno-hw-mul\libsmallc.a(lib_a-int_errno.o)
 .comment       0x000000000000002d       0x2e c:/intelfpga_lite/22.1std/nios2eds/bin/gnu/h-x86_64-mingw32/bin/../lib/gcc/nios2-elf/12.1.1/../../../../../H-x86_64-mingw32/nios2-elf/lib/mno-hw-mul\libsmallc.a(lib_a-writer.o)
 .comment       0x000000000000002d       0x2e c:/intelfpga_lite/22.1std/nios2eds/bin/gnu/h-x86_64-mingw32/bin/../lib/gcc/nios2-elf/12.1.1/mno-hw-mul\libgcc.a(_muldi3.o)
 .comment       0x000000000000002d       0x2e c:/intelfpga_lite/22.1std/nios2eds/bin/gnu/h-x86_64-mingw32/bin/../lib/gcc/nios2-elf/12.1.1/mno-hw-mul\libgcc.a(lib2-mul.o)
 .comment       0x000000000000002d       0x2e c:/Users/minut/Desktop/ipselector/software/ipselector14_bsp/\libhal_bsp.a(alt_gettod.o)
 .comment       0x000000000000002d       0x2e c:/Users/minut/Desktop/ipselector/software/ipselector14_bsp/\libhal_bsp.a(alt_load.o)
 .comment       0x000000000000002d       0x2e c:/Users/minut/Desktop/ipselector/software/ipselector14_bsp/\libhal_bsp.a(alt_main.o)
 .comment       0x000000000000002d       0x2e c:/Users/minut/Desktop/ipselector/software/ipselector14_bsp/\libhal_bsp.a(alt_tick.o)
 .comment       0x000000000000002d       0x2e c:/Users/minut/Desktop/ipselector/software/ipselector14_bsp/\libhal_bsp.a(alt_usleep.o)
 .comment       0x000000000000002d       0x2e c:/Users/minut/Desktop/ipselector/software/ipselector14_bsp/\libhal_bsp.a(alt_write.o)
 .comment       0x000000000000002d       0x2e c:/Users/minut/Desktop/ipselector/software/ipselector14_bsp/\libhal_bsp.a(alt_sys_init.o)
 .comment       0x000000000000002d       0x2e c:/Users/minut/Desktop/ipselector/software/ipselector14_bsp/\libhal_bsp.a(altera_avalon_jtag_uart_write.o)
 .comment       0x000000000000002d       0x2e c:/Users/minut/Desktop/ipselector/software/ipselector14_bsp/\libhal_bsp.a(alt_busy_sleep.o)
 .comment       0x000000000000002d       0x2e c:/Users/minut/Desktop/ipselector/software/ipselector14_bsp/\libhal_bsp.a(alt_dcache_flush_all.o)
 .comment       0x000000000000002d       0x2e c:/Users/minut/Desktop/ipselector/software/ipselector14_bsp/\libhal_bsp.a(alt_errno.o)
 .comment       0x000000000000002d       0x2e c:/Users/minut/Desktop/ipselector/software/ipselector14_bsp/\libhal_bsp.a(alt_icache_flush_all.o)
 .comment       0x000000000000002d       0x2e c:/Users/minut/Desktop/ipselector/software/ipselector14_bsp/\libhal_bsp.a(altera_nios2_gen2_irq.o)
 .comment       0x000000000000002d       0x2e c:/intelfpga_lite/22.1std/nios2eds/bin/gnu/h-x86_64-mingw32/bin/../lib/gcc/nios2-elf/12.1.1/../../../../../H-x86_64-mingw32/nios2-elf/lib/mno-hw-mul\libsmallc.a(lib_a-memcpy.o)
 .comment       0x000000000000002d       0x2e c:/intelfpga_lite/22.1std/nios2eds/bin/gnu/h-x86_64-mingw32/bin/../lib/gcc/nios2-elf/12.1.1/mno-hw-mul\libgcc.a(_udivdi3.o)
 .comment       0x000000000000002d       0x2e c:/intelfpga_lite/22.1std/nios2eds/bin/gnu/h-x86_64-mingw32/bin/../lib/gcc/nios2-elf/12.1.1/mno-hw-mul\libgcc.a(_umoddi3.o)
 .comment       0x000000000000002d       0x2e c:/intelfpga_lite/22.1std/nios2eds/bin/gnu/h-x86_64-mingw32/bin/../lib/gcc/nios2-elf/12.1.1/mno-hw-mul\libgcc.a(_clz.o)

.debug
 *(.debug)

.line
 *(.line)

.debug_srcinfo
 *(.debug_srcinfo)

.debug_sfnames
 *(.debug_sfnames)

.debug_aranges  0x0000000000000000      0x430
 *(.debug_aranges)
 .debug_aranges
                0x0000000000000000       0x28 c:/Users/minut/Desktop/ipselector/software/ipselector14_bsp//obj/HAL/src/crt0.o
 .debug_aranges
                0x0000000000000028       0x20 obj/default/hello_world_small.o
 .debug_aranges
                0x0000000000000048       0x20 c:/intelfpga_lite/22.1std/nios2eds/bin/gnu/h-x86_64-mingw32/bin/../lib/gcc/nios2-elf/12.1.1/mno-hw-mul\libgcc.a(lib2-divmod.o)
 .debug_aranges
                0x0000000000000068       0x28 c:/intelfpga_lite/22.1std/nios2eds/bin/gnu/h-x86_64-mingw32/bin/../lib/gcc/nios2-elf/12.1.1/../../../../../H-x86_64-mingw32/nios2-elf/lib/mno-hw-mul\libsmallc.a(lib_a-printf.o)
 .debug_aranges
                0x0000000000000090       0x28 c:/intelfpga_lite/22.1std/nios2eds/bin/gnu/h-x86_64-mingw32/bin/../lib/gcc/nios2-elf/12.1.1/../../../../../H-x86_64-mingw32/nios2-elf/lib/mno-hw-mul\libsmallc.a(lib_a-puts.o)
 .debug_aranges
                0x00000000000000b8       0x28 c:/intelfpga_lite/22.1std/nios2eds/bin/gnu/h-x86_64-mingw32/bin/../lib/gcc/nios2-elf/12.1.1/../../../../../H-x86_64-mingw32/nios2-elf/lib/mno-hw-mul\libsmallc.a(lib_a-rand.o)
 .debug_aranges
                0x00000000000000e0       0x20 c:/intelfpga_lite/22.1std/nios2eds/bin/gnu/h-x86_64-mingw32/bin/../lib/gcc/nios2-elf/12.1.1/../../../../../H-x86_64-mingw32/nios2-elf/lib/mno-hw-mul\libsmallc.a(lib_a-strlen.o)
 .debug_aranges
                0x0000000000000100       0x20 c:/intelfpga_lite/22.1std/nios2eds/bin/gnu/h-x86_64-mingw32/bin/../lib/gcc/nios2-elf/12.1.1/../../../../../H-x86_64-mingw32/nios2-elf/lib/mno-hw-mul\libsmallc.a(lib_a-time.o)
 .debug_aranges
                0x0000000000000120       0x30 c:/intelfpga_lite/22.1std/nios2eds/bin/gnu/h-x86_64-mingw32/bin/../lib/gcc/nios2-elf/12.1.1/../../../../../H-x86_64-mingw32/nios2-elf/lib/mno-hw-mul\libsmallc.a(lib_a-vfprintf.o)
 .debug_aranges
                0x0000000000000150       0x20 c:/intelfpga_lite/22.1std/nios2eds/bin/gnu/h-x86_64-mingw32/bin/../lib/gcc/nios2-elf/12.1.1/../../../../../H-x86_64-mingw32/nios2-elf/lib/mno-hw-mul\libsmallc.a(lib_a-fvwrite_small_dev.o)
 .debug_aranges
                0x0000000000000170       0x20 c:/intelfpga_lite/22.1std/nios2eds/bin/gnu/h-x86_64-mingw32/bin/../lib/gcc/nios2-elf/12.1.1/../../../../../H-x86_64-mingw32/nios2-elf/lib/mno-hw-mul\libsmallc.a(lib_a-gettimeofdayr.o)
 .debug_aranges
                0x0000000000000190       0x18 c:/intelfpga_lite/22.1std/nios2eds/bin/gnu/h-x86_64-mingw32/bin/../lib/gcc/nios2-elf/12.1.1/../../../../../H-x86_64-mingw32/nios2-elf/lib/mno-hw-mul\libsmallc.a(lib_a-impure.o)
 .debug_aranges
                0x00000000000001a8       0x18 c:/intelfpga_lite/22.1std/nios2eds/bin/gnu/h-x86_64-mingw32/bin/../lib/gcc/nios2-elf/12.1.1/../../../../../H-x86_64-mingw32/nios2-elf/lib/mno-hw-mul\libsmallc.a(lib_a-int_errno.o)
 .debug_aranges
                0x00000000000001c0       0x20 c:/intelfpga_lite/22.1std/nios2eds/bin/gnu/h-x86_64-mingw32/bin/../lib/gcc/nios2-elf/12.1.1/../../../../../H-x86_64-mingw32/nios2-elf/lib/mno-hw-mul\libsmallc.a(lib_a-writer.o)
 .debug_aranges
                0x00000000000001e0       0x20 c:/intelfpga_lite/22.1std/nios2eds/bin/gnu/h-x86_64-mingw32/bin/../lib/gcc/nios2-elf/12.1.1/mno-hw-mul\libgcc.a(_muldi3.o)
 .debug_aranges
                0x0000000000000200       0x20 c:/intelfpga_lite/22.1std/nios2eds/bin/gnu/h-x86_64-mingw32/bin/../lib/gcc/nios2-elf/12.1.1/mno-hw-mul\libgcc.a(lib2-mul.o)
 .debug_aranges
                0x0000000000000220       0x20 c:/Users/minut/Desktop/ipselector/software/ipselector14_bsp/\libhal_bsp.a(alt_gettod.o)
 .debug_aranges
                0x0000000000000240       0x20 c:/Users/minut/Desktop/ipselector/software/ipselector14_bsp/\libhal_bsp.a(alt_load.o)
 .debug_aranges
                0x0000000000000260       0x20 c:/Users/minut/Desktop/ipselector/software/ipselector14_bsp/\libhal_bsp.a(alt_main.o)
 .debug_aranges
                0x0000000000000280       0x20 c:/Users/minut/Desktop/ipselector/software/ipselector14_bsp/\libhal_bsp.a(alt_tick.o)
 .debug_aranges
                0x00000000000002a0       0x20 c:/Users/minut/Desktop/ipselector/software/ipselector14_bsp/\libhal_bsp.a(alt_usleep.o)
 .debug_aranges
                0x00000000000002c0       0x20 c:/Users/minut/Desktop/ipselector/software/ipselector14_bsp/\libhal_bsp.a(alt_write.o)
 .debug_aranges
                0x00000000000002e0       0x20 c:/Users/minut/Desktop/ipselector/software/ipselector14_bsp/\libhal_bsp.a(alt_sys_init.o)
 .debug_aranges
                0x0000000000000300       0x20 c:/Users/minut/Desktop/ipselector/software/ipselector14_bsp/\libhal_bsp.a(altera_avalon_jtag_uart_write.o)
 .debug_aranges
                0x0000000000000320       0x20 c:/Users/minut/Desktop/ipselector/software/ipselector14_bsp/\libhal_bsp.a(alt_busy_sleep.o)
 .debug_aranges
                0x0000000000000340       0x20 c:/Users/minut/Desktop/ipselector/software/ipselector14_bsp/\libhal_bsp.a(alt_dcache_flush_all.o)
 .debug_aranges
                0x0000000000000360       0x18 c:/Users/minut/Desktop/ipselector/software/ipselector14_bsp/\libhal_bsp.a(alt_errno.o)
 .debug_aranges
                0x0000000000000378       0x20 c:/Users/minut/Desktop/ipselector/software/ipselector14_bsp/\libhal_bsp.a(alt_icache_flush_all.o)
 .debug_aranges
                0x0000000000000398       0x20 c:/Users/minut/Desktop/ipselector/software/ipselector14_bsp/\libhal_bsp.a(altera_nios2_gen2_irq.o)
 .debug_aranges
                0x00000000000003b8       0x20 c:/intelfpga_lite/22.1std/nios2eds/bin/gnu/h-x86_64-mingw32/bin/../lib/gcc/nios2-elf/12.1.1/../../../../../H-x86_64-mingw32/nios2-elf/lib/mno-hw-mul\libsmallc.a(lib_a-memcpy.o)
 .debug_aranges
                0x00000000000003d8       0x20 c:/intelfpga_lite/22.1std/nios2eds/bin/gnu/h-x86_64-mingw32/bin/../lib/gcc/nios2-elf/12.1.1/mno-hw-mul\libgcc.a(_udivdi3.o)
 .debug_aranges
                0x00000000000003f8       0x20 c:/intelfpga_lite/22.1std/nios2eds/bin/gnu/h-x86_64-mingw32/bin/../lib/gcc/nios2-elf/12.1.1/mno-hw-mul\libgcc.a(_umoddi3.o)
 .debug_aranges
                0x0000000000000418       0x18 c:/intelfpga_lite/22.1std/nios2eds/bin/gnu/h-x86_64-mingw32/bin/../lib/gcc/nios2-elf/12.1.1/mno-hw-mul\libgcc.a(_clz.o)

.debug_pubnames
 *(.debug_pubnames)

.debug_info     0x0000000000000000     0x7302
 *(.debug_info .gnu.linkonce.wi.*)
 .debug_info    0x0000000000000000       0x22 c:/Users/minut/Desktop/ipselector/software/ipselector14_bsp//obj/HAL/src/crt0.o
 .debug_info    0x0000000000000022      0x331 obj/default/hello_world_small.o
 .debug_info    0x0000000000000353      0x347 c:/intelfpga_lite/22.1std/nios2eds/bin/gnu/h-x86_64-mingw32/bin/../lib/gcc/nios2-elf/12.1.1/mno-hw-mul\libgcc.a(lib2-divmod.o)
 .debug_info    0x000000000000069a      0x733 c:/intelfpga_lite/22.1std/nios2eds/bin/gnu/h-x86_64-mingw32/bin/../lib/gcc/nios2-elf/12.1.1/../../../../../H-x86_64-mingw32/nios2-elf/lib/mno-hw-mul\libsmallc.a(lib_a-printf.o)
 .debug_info    0x0000000000000dcd      0x6b9 c:/intelfpga_lite/22.1std/nios2eds/bin/gnu/h-x86_64-mingw32/bin/../lib/gcc/nios2-elf/12.1.1/../../../../../H-x86_64-mingw32/nios2-elf/lib/mno-hw-mul\libsmallc.a(lib_a-puts.o)
 .debug_info    0x0000000000001486      0x617 c:/intelfpga_lite/22.1std/nios2eds/bin/gnu/h-x86_64-mingw32/bin/../lib/gcc/nios2-elf/12.1.1/../../../../../H-x86_64-mingw32/nios2-elf/lib/mno-hw-mul\libsmallc.a(lib_a-rand.o)
 .debug_info    0x0000000000001a9d       0xd1 c:/intelfpga_lite/22.1std/nios2eds/bin/gnu/h-x86_64-mingw32/bin/../lib/gcc/nios2-elf/12.1.1/../../../../../H-x86_64-mingw32/nios2-elf/lib/mno-hw-mul\libsmallc.a(lib_a-strlen.o)
 .debug_info    0x0000000000001b6e      0x675 c:/intelfpga_lite/22.1std/nios2eds/bin/gnu/h-x86_64-mingw32/bin/../lib/gcc/nios2-elf/12.1.1/../../../../../H-x86_64-mingw32/nios2-elf/lib/mno-hw-mul\libsmallc.a(lib_a-time.o)
 .debug_info    0x00000000000021e3      0xe55 c:/intelfpga_lite/22.1std/nios2eds/bin/gnu/h-x86_64-mingw32/bin/../lib/gcc/nios2-elf/12.1.1/../../../../../H-x86_64-mingw32/nios2-elf/lib/mno-hw-mul\libsmallc.a(lib_a-vfprintf.o)
 .debug_info    0x0000000000003038      0x691 c:/intelfpga_lite/22.1std/nios2eds/bin/gnu/h-x86_64-mingw32/bin/../lib/gcc/nios2-elf/12.1.1/../../../../../H-x86_64-mingw32/nios2-elf/lib/mno-hw-mul\libsmallc.a(lib_a-fvwrite_small_dev.o)
 .debug_info    0x00000000000036c9      0x6a1 c:/intelfpga_lite/22.1std/nios2eds/bin/gnu/h-x86_64-mingw32/bin/../lib/gcc/nios2-elf/12.1.1/../../../../../H-x86_64-mingw32/nios2-elf/lib/mno-hw-mul\libsmallc.a(lib_a-gettimeofdayr.o)
 .debug_info    0x0000000000003d6a      0x5cf c:/intelfpga_lite/22.1std/nios2eds/bin/gnu/h-x86_64-mingw32/bin/../lib/gcc/nios2-elf/12.1.1/../../../../../H-x86_64-mingw32/nios2-elf/lib/mno-hw-mul\libsmallc.a(lib_a-impure.o)
 .debug_info    0x0000000000004339       0x85 c:/intelfpga_lite/22.1std/nios2eds/bin/gnu/h-x86_64-mingw32/bin/../lib/gcc/nios2-elf/12.1.1/../../../../../H-x86_64-mingw32/nios2-elf/lib/mno-hw-mul\libsmallc.a(lib_a-int_errno.o)
 .debug_info    0x00000000000043be      0x671 c:/intelfpga_lite/22.1std/nios2eds/bin/gnu/h-x86_64-mingw32/bin/../lib/gcc/nios2-elf/12.1.1/../../../../../H-x86_64-mingw32/nios2-elf/lib/mno-hw-mul\libsmallc.a(lib_a-writer.o)
 .debug_info    0x0000000000004a2f      0x246 c:/intelfpga_lite/22.1std/nios2eds/bin/gnu/h-x86_64-mingw32/bin/../lib/gcc/nios2-elf/12.1.1/mno-hw-mul\libgcc.a(_muldi3.o)
 .debug_info    0x0000000000004c75       0xc4 c:/intelfpga_lite/22.1std/nios2eds/bin/gnu/h-x86_64-mingw32/bin/../lib/gcc/nios2-elf/12.1.1/mno-hw-mul\libgcc.a(lib2-mul.o)
 .debug_info    0x0000000000004d39      0x24f c:/Users/minut/Desktop/ipselector/software/ipselector14_bsp/\libhal_bsp.a(alt_gettod.o)
 .debug_info    0x0000000000004f88      0x239 c:/Users/minut/Desktop/ipselector/software/ipselector14_bsp/\libhal_bsp.a(alt_load.o)
 .debug_info    0x00000000000051c1      0x13e c:/Users/minut/Desktop/ipselector/software/ipselector14_bsp/\libhal_bsp.a(alt_main.o)
 .debug_info    0x00000000000052ff      0x2df c:/Users/minut/Desktop/ipselector/software/ipselector14_bsp/\libhal_bsp.a(alt_tick.o)
 .debug_info    0x00000000000055de       0xe4 c:/Users/minut/Desktop/ipselector/software/ipselector14_bsp/\libhal_bsp.a(alt_usleep.o)
 .debug_info    0x00000000000056c2      0x1a8 c:/Users/minut/Desktop/ipselector/software/ipselector14_bsp/\libhal_bsp.a(alt_write.o)
 .debug_info    0x000000000000586a      0x127 c:/Users/minut/Desktop/ipselector/software/ipselector14_bsp/\libhal_bsp.a(alt_sys_init.o)
 .debug_info    0x0000000000005991      0x149 c:/Users/minut/Desktop/ipselector/software/ipselector14_bsp/\libhal_bsp.a(altera_avalon_jtag_uart_write.o)
 .debug_info    0x0000000000005ada      0x10c c:/Users/minut/Desktop/ipselector/software/ipselector14_bsp/\libhal_bsp.a(alt_busy_sleep.o)
 .debug_info    0x0000000000005be6       0x8d c:/Users/minut/Desktop/ipselector/software/ipselector14_bsp/\libhal_bsp.a(alt_dcache_flush_all.o)
 .debug_info    0x0000000000005c73       0xa8 c:/Users/minut/Desktop/ipselector/software/ipselector14_bsp/\libhal_bsp.a(alt_errno.o)
 .debug_info    0x0000000000005d1b       0x8d c:/Users/minut/Desktop/ipselector/software/ipselector14_bsp/\libhal_bsp.a(alt_icache_flush_all.o)
 .debug_info    0x0000000000005da8       0x8d c:/Users/minut/Desktop/ipselector/software/ipselector14_bsp/\libhal_bsp.a(altera_nios2_gen2_irq.o)
 .debug_info    0x0000000000005e35      0x121 c:/intelfpga_lite/22.1std/nios2eds/bin/gnu/h-x86_64-mingw32/bin/../lib/gcc/nios2-elf/12.1.1/../../../../../H-x86_64-mingw32/nios2-elf/lib/mno-hw-mul\libsmallc.a(lib_a-memcpy.o)
 .debug_info    0x0000000000005f56      0x942 c:/intelfpga_lite/22.1std/nios2eds/bin/gnu/h-x86_64-mingw32/bin/../lib/gcc/nios2-elf/12.1.1/mno-hw-mul\libgcc.a(_udivdi3.o)
 .debug_info    0x0000000000006898      0x9a7 c:/intelfpga_lite/22.1std/nios2eds/bin/gnu/h-x86_64-mingw32/bin/../lib/gcc/nios2-elf/12.1.1/mno-hw-mul\libgcc.a(_umoddi3.o)
 .debug_info    0x000000000000723f       0xc3 c:/intelfpga_lite/22.1std/nios2eds/bin/gnu/h-x86_64-mingw32/bin/../lib/gcc/nios2-elf/12.1.1/mno-hw-mul\libgcc.a(_clz.o)

.debug_abbrev   0x0000000000000000     0x2654
 *(.debug_abbrev)
 .debug_abbrev  0x0000000000000000       0x12 c:/Users/minut/Desktop/ipselector/software/ipselector14_bsp//obj/HAL/src/crt0.o
 .debug_abbrev  0x0000000000000012      0x166 obj/default/hello_world_small.o
 .debug_abbrev  0x0000000000000178      0x10c c:/intelfpga_lite/22.1std/nios2eds/bin/gnu/h-x86_64-mingw32/bin/../lib/gcc/nios2-elf/12.1.1/mno-hw-mul\libgcc.a(lib2-divmod.o)
 .debug_abbrev  0x0000000000000284      0x21e c:/intelfpga_lite/22.1std/nios2eds/bin/gnu/h-x86_64-mingw32/bin/../lib/gcc/nios2-elf/12.1.1/../../../../../H-x86_64-mingw32/nios2-elf/lib/mno-hw-mul\libsmallc.a(lib_a-printf.o)
 .debug_abbrev  0x00000000000004a2      0x20d c:/intelfpga_lite/22.1std/nios2eds/bin/gnu/h-x86_64-mingw32/bin/../lib/gcc/nios2-elf/12.1.1/../../../../../H-x86_64-mingw32/nios2-elf/lib/mno-hw-mul\libsmallc.a(lib_a-puts.o)
 .debug_abbrev  0x00000000000006af      0x1ef c:/intelfpga_lite/22.1std/nios2eds/bin/gnu/h-x86_64-mingw32/bin/../lib/gcc/nios2-elf/12.1.1/../../../../../H-x86_64-mingw32/nios2-elf/lib/mno-hw-mul\libsmallc.a(lib_a-rand.o)
 .debug_abbrev  0x000000000000089e       0x8c c:/intelfpga_lite/22.1std/nios2eds/bin/gnu/h-x86_64-mingw32/bin/../lib/gcc/nios2-elf/12.1.1/../../../../../H-x86_64-mingw32/nios2-elf/lib/mno-hw-mul\libsmallc.a(lib_a-strlen.o)
 .debug_abbrev  0x000000000000092a      0x1d8 c:/intelfpga_lite/22.1std/nios2eds/bin/gnu/h-x86_64-mingw32/bin/../lib/gcc/nios2-elf/12.1.1/../../../../../H-x86_64-mingw32/nios2-elf/lib/mno-hw-mul\libsmallc.a(lib_a-time.o)
 .debug_abbrev  0x0000000000000b02      0x2e6 c:/intelfpga_lite/22.1std/nios2eds/bin/gnu/h-x86_64-mingw32/bin/../lib/gcc/nios2-elf/12.1.1/../../../../../H-x86_64-mingw32/nios2-elf/lib/mno-hw-mul\libsmallc.a(lib_a-vfprintf.o)
 .debug_abbrev  0x0000000000000de8      0x1fb c:/intelfpga_lite/22.1std/nios2eds/bin/gnu/h-x86_64-mingw32/bin/../lib/gcc/nios2-elf/12.1.1/../../../../../H-x86_64-mingw32/nios2-elf/lib/mno-hw-mul\libsmallc.a(lib_a-fvwrite_small_dev.o)
 .debug_abbrev  0x0000000000000fe3      0x1f5 c:/intelfpga_lite/22.1std/nios2eds/bin/gnu/h-x86_64-mingw32/bin/../lib/gcc/nios2-elf/12.1.1/../../../../../H-x86_64-mingw32/nios2-elf/lib/mno-hw-mul\libsmallc.a(lib_a-gettimeofdayr.o)
 .debug_abbrev  0x00000000000011d8      0x185 c:/intelfpga_lite/22.1std/nios2eds/bin/gnu/h-x86_64-mingw32/bin/../lib/gcc/nios2-elf/12.1.1/../../../../../H-x86_64-mingw32/nios2-elf/lib/mno-hw-mul\libsmallc.a(lib_a-impure.o)
 .debug_abbrev  0x000000000000135d       0x39 c:/intelfpga_lite/22.1std/nios2eds/bin/gnu/h-x86_64-mingw32/bin/../lib/gcc/nios2-elf/12.1.1/../../../../../H-x86_64-mingw32/nios2-elf/lib/mno-hw-mul\libsmallc.a(lib_a-int_errno.o)
 .debug_abbrev  0x0000000000001396      0x1e0 c:/intelfpga_lite/22.1std/nios2eds/bin/gnu/h-x86_64-mingw32/bin/../lib/gcc/nios2-elf/12.1.1/../../../../../H-x86_64-mingw32/nios2-elf/lib/mno-hw-mul\libsmallc.a(lib_a-writer.o)
 .debug_abbrev  0x0000000000001576      0x124 c:/intelfpga_lite/22.1std/nios2eds/bin/gnu/h-x86_64-mingw32/bin/../lib/gcc/nios2-elf/12.1.1/mno-hw-mul\libgcc.a(_muldi3.o)
 .debug_abbrev  0x000000000000169a       0x80 c:/intelfpga_lite/22.1std/nios2eds/bin/gnu/h-x86_64-mingw32/bin/../lib/gcc/nios2-elf/12.1.1/mno-hw-mul\libgcc.a(lib2-mul.o)
 .debug_abbrev  0x000000000000171a      0x125 c:/Users/minut/Desktop/ipselector/software/ipselector14_bsp/\libhal_bsp.a(alt_gettod.o)
 .debug_abbrev  0x000000000000183f      0x12c c:/Users/minut/Desktop/ipselector/software/ipselector14_bsp/\libhal_bsp.a(alt_load.o)
 .debug_abbrev  0x000000000000196b       0xeb c:/Users/minut/Desktop/ipselector/software/ipselector14_bsp/\libhal_bsp.a(alt_main.o)
 .debug_abbrev  0x0000000000001a56      0x1a4 c:/Users/minut/Desktop/ipselector/software/ipselector14_bsp/\libhal_bsp.a(alt_tick.o)
 .debug_abbrev  0x0000000000001bfa       0x9b c:/Users/minut/Desktop/ipselector/software/ipselector14_bsp/\libhal_bsp.a(alt_usleep.o)
 .debug_abbrev  0x0000000000001c95      0x117 c:/Users/minut/Desktop/ipselector/software/ipselector14_bsp/\libhal_bsp.a(alt_write.o)
 .debug_abbrev  0x0000000000001dac      0x107 c:/Users/minut/Desktop/ipselector/software/ipselector14_bsp/\libhal_bsp.a(alt_sys_init.o)
 .debug_abbrev  0x0000000000001eb3       0xdc c:/Users/minut/Desktop/ipselector/software/ipselector14_bsp/\libhal_bsp.a(altera_avalon_jtag_uart_write.o)
 .debug_abbrev  0x0000000000001f8f       0xb9 c:/Users/minut/Desktop/ipselector/software/ipselector14_bsp/\libhal_bsp.a(alt_busy_sleep.o)
 .debug_abbrev  0x0000000000002048       0x43 c:/Users/minut/Desktop/ipselector/software/ipselector14_bsp/\libhal_bsp.a(alt_dcache_flush_all.o)
 .debug_abbrev  0x000000000000208b       0x70 c:/Users/minut/Desktop/ipselector/software/ipselector14_bsp/\libhal_bsp.a(alt_errno.o)
 .debug_abbrev  0x00000000000020fb       0x43 c:/Users/minut/Desktop/ipselector/software/ipselector14_bsp/\libhal_bsp.a(alt_icache_flush_all.o)
 .debug_abbrev  0x000000000000213e       0x43 c:/Users/minut/Desktop/ipselector/software/ipselector14_bsp/\libhal_bsp.a(altera_nios2_gen2_irq.o)
 .debug_abbrev  0x0000000000002181       0xc1 c:/intelfpga_lite/22.1std/nios2eds/bin/gnu/h-x86_64-mingw32/bin/../lib/gcc/nios2-elf/12.1.1/../../../../../H-x86_64-mingw32/nios2-elf/lib/mno-hw-mul\libsmallc.a(lib_a-memcpy.o)
 .debug_abbrev  0x0000000000002242      0x1bb c:/intelfpga_lite/22.1std/nios2eds/bin/gnu/h-x86_64-mingw32/bin/../lib/gcc/nios2-elf/12.1.1/mno-hw-mul\libgcc.a(_udivdi3.o)
 .debug_abbrev  0x00000000000023fd      0x1e7 c:/intelfpga_lite/22.1std/nios2eds/bin/gnu/h-x86_64-mingw32/bin/../lib/gcc/nios2-elf/12.1.1/mno-hw-mul\libgcc.a(_umoddi3.o)
 .debug_abbrev  0x00000000000025e4       0x70 c:/intelfpga_lite/22.1std/nios2eds/bin/gnu/h-x86_64-mingw32/bin/../lib/gcc/nios2-elf/12.1.1/mno-hw-mul\libgcc.a(_clz.o)

.debug_line     0x0000000000000000     0x22ca
 *(.debug_line)
 .debug_line    0x0000000000000000       0x66 c:/Users/minut/Desktop/ipselector/software/ipselector14_bsp//obj/HAL/src/crt0.o
 .debug_line    0x0000000000000066      0x1c0 obj/default/hello_world_small.o
 .debug_line    0x0000000000000226      0x2e3 c:/intelfpga_lite/22.1std/nios2eds/bin/gnu/h-x86_64-mingw32/bin/../lib/gcc/nios2-elf/12.1.1/mno-hw-mul\libgcc.a(lib2-divmod.o)
 .debug_line    0x0000000000000509       0xd4 c:/intelfpga_lite/22.1std/nios2eds/bin/gnu/h-x86_64-mingw32/bin/../lib/gcc/nios2-elf/12.1.1/../../../../../H-x86_64-mingw32/nios2-elf/lib/mno-hw-mul\libsmallc.a(lib_a-printf.o)
 .debug_line    0x00000000000005dd       0xc2 c:/intelfpga_lite/22.1std/nios2eds/bin/gnu/h-x86_64-mingw32/bin/../lib/gcc/nios2-elf/12.1.1/../../../../../H-x86_64-mingw32/nios2-elf/lib/mno-hw-mul\libsmallc.a(lib_a-puts.o)
 .debug_line    0x000000000000069f       0xbd c:/intelfpga_lite/22.1std/nios2eds/bin/gnu/h-x86_64-mingw32/bin/../lib/gcc/nios2-elf/12.1.1/../../../../../H-x86_64-mingw32/nios2-elf/lib/mno-hw-mul\libsmallc.a(lib_a-rand.o)
 .debug_line    0x000000000000075c       0x7c c:/intelfpga_lite/22.1std/nios2eds/bin/gnu/h-x86_64-mingw32/bin/../lib/gcc/nios2-elf/12.1.1/../../../../../H-x86_64-mingw32/nios2-elf/lib/mno-hw-mul\libsmallc.a(lib_a-strlen.o)
 .debug_line    0x00000000000007d8       0xbd c:/intelfpga_lite/22.1std/nios2eds/bin/gnu/h-x86_64-mingw32/bin/../lib/gcc/nios2-elf/12.1.1/../../../../../H-x86_64-mingw32/nios2-elf/lib/mno-hw-mul\libsmallc.a(lib_a-time.o)
 .debug_line    0x0000000000000895      0x586 c:/intelfpga_lite/22.1std/nios2eds/bin/gnu/h-x86_64-mingw32/bin/../lib/gcc/nios2-elf/12.1.1/../../../../../H-x86_64-mingw32/nios2-elf/lib/mno-hw-mul\libsmallc.a(lib_a-vfprintf.o)
 .debug_line    0x0000000000000e1b       0xd7 c:/intelfpga_lite/22.1std/nios2eds/bin/gnu/h-x86_64-mingw32/bin/../lib/gcc/nios2-elf/12.1.1/../../../../../H-x86_64-mingw32/nios2-elf/lib/mno-hw-mul\libsmallc.a(lib_a-fvwrite_small_dev.o)
 .debug_line    0x0000000000000ef2       0xbb c:/intelfpga_lite/22.1std/nios2eds/bin/gnu/h-x86_64-mingw32/bin/../lib/gcc/nios2-elf/12.1.1/../../../../../H-x86_64-mingw32/nios2-elf/lib/mno-hw-mul\libsmallc.a(lib_a-gettimeofdayr.o)
 .debug_line    0x0000000000000fad       0x51 c:/intelfpga_lite/22.1std/nios2eds/bin/gnu/h-x86_64-mingw32/bin/../lib/gcc/nios2-elf/12.1.1/../../../../../H-x86_64-mingw32/nios2-elf/lib/mno-hw-mul\libsmallc.a(lib_a-impure.o)
 .debug_line    0x0000000000000ffe       0x3a c:/intelfpga_lite/22.1std/nios2eds/bin/gnu/h-x86_64-mingw32/bin/../lib/gcc/nios2-elf/12.1.1/../../../../../H-x86_64-mingw32/nios2-elf/lib/mno-hw-mul\libsmallc.a(lib_a-int_errno.o)
 .debug_line    0x0000000000001038       0xae c:/intelfpga_lite/22.1std/nios2eds/bin/gnu/h-x86_64-mingw32/bin/../lib/gcc/nios2-elf/12.1.1/../../../../../H-x86_64-mingw32/nios2-elf/lib/mno-hw-mul\libsmallc.a(lib_a-writer.o)
 .debug_line    0x00000000000010e6      0x10e c:/intelfpga_lite/22.1std/nios2eds/bin/gnu/h-x86_64-mingw32/bin/../lib/gcc/nios2-elf/12.1.1/mno-hw-mul\libgcc.a(_muldi3.o)
 .debug_line    0x00000000000011f4       0x88 c:/intelfpga_lite/22.1std/nios2eds/bin/gnu/h-x86_64-mingw32/bin/../lib/gcc/nios2-elf/12.1.1/mno-hw-mul\libgcc.a(lib2-mul.o)
 .debug_line    0x000000000000127c      0x1a3 c:/Users/minut/Desktop/ipselector/software/ipselector14_bsp/\libhal_bsp.a(alt_gettod.o)
 .debug_line    0x000000000000141f       0xd2 c:/Users/minut/Desktop/ipselector/software/ipselector14_bsp/\libhal_bsp.a(alt_load.o)
 .debug_line    0x00000000000014f1       0xa2 c:/Users/minut/Desktop/ipselector/software/ipselector14_bsp/\libhal_bsp.a(alt_main.o)
 .debug_line    0x0000000000001593      0x15e c:/Users/minut/Desktop/ipselector/software/ipselector14_bsp/\libhal_bsp.a(alt_tick.o)
 .debug_line    0x00000000000016f1       0x70 c:/Users/minut/Desktop/ipselector/software/ipselector14_bsp/\libhal_bsp.a(alt_usleep.o)
 .debug_line    0x0000000000001761       0xc5 c:/Users/minut/Desktop/ipselector/software/ipselector14_bsp/\libhal_bsp.a(alt_write.o)
 .debug_line    0x0000000000001826       0x8e c:/Users/minut/Desktop/ipselector/software/ipselector14_bsp/\libhal_bsp.a(alt_sys_init.o)
 .debug_line    0x00000000000018b4       0x93 c:/Users/minut/Desktop/ipselector/software/ipselector14_bsp/\libhal_bsp.a(altera_avalon_jtag_uart_write.o)
 .debug_line    0x0000000000001947       0xe2 c:/Users/minut/Desktop/ipselector/software/ipselector14_bsp/\libhal_bsp.a(alt_busy_sleep.o)
 .debug_line    0x0000000000001a29       0x4e c:/Users/minut/Desktop/ipselector/software/ipselector14_bsp/\libhal_bsp.a(alt_dcache_flush_all.o)
 .debug_line    0x0000000000001a77       0x4c c:/Users/minut/Desktop/ipselector/software/ipselector14_bsp/\libhal_bsp.a(alt_errno.o)
 .debug_line    0x0000000000001ac3       0x4c c:/Users/minut/Desktop/ipselector/software/ipselector14_bsp/\libhal_bsp.a(alt_icache_flush_all.o)
 .debug_line    0x0000000000001b0f       0x54 c:/Users/minut/Desktop/ipselector/software/ipselector14_bsp/\libhal_bsp.a(altera_nios2_gen2_irq.o)
 .debug_line    0x0000000000001b63       0x8c c:/intelfpga_lite/22.1std/nios2eds/bin/gnu/h-x86_64-mingw32/bin/../lib/gcc/nios2-elf/12.1.1/../../../../../H-x86_64-mingw32/nios2-elf/lib/mno-hw-mul\libsmallc.a(lib_a-memcpy.o)
 .debug_line    0x0000000000001bef      0x33c c:/intelfpga_lite/22.1std/nios2eds/bin/gnu/h-x86_64-mingw32/bin/../lib/gcc/nios2-elf/12.1.1/mno-hw-mul\libgcc.a(_udivdi3.o)
 .debug_line    0x0000000000001f2b      0x360 c:/intelfpga_lite/22.1std/nios2eds/bin/gnu/h-x86_64-mingw32/bin/../lib/gcc/nios2-elf/12.1.1/mno-hw-mul\libgcc.a(_umoddi3.o)
 .debug_line    0x000000000000228b       0x3f c:/intelfpga_lite/22.1std/nios2eds/bin/gnu/h-x86_64-mingw32/bin/../lib/gcc/nios2-elf/12.1.1/mno-hw-mul\libgcc.a(_clz.o)

.debug_frame    0x0000000000000000      0x634
 *(.debug_frame)
 .debug_frame   0x0000000000000000       0x38 obj/default/hello_world_small.o
 .debug_frame   0x0000000000000038       0x50 c:/intelfpga_lite/22.1std/nios2eds/bin/gnu/h-x86_64-mingw32/bin/../lib/gcc/nios2-elf/12.1.1/mno-hw-mul\libgcc.a(lib2-divmod.o)
 .debug_frame   0x0000000000000088       0x48 c:/intelfpga_lite/22.1std/nios2eds/bin/gnu/h-x86_64-mingw32/bin/../lib/gcc/nios2-elf/12.1.1/../../../../../H-x86_64-mingw32/nios2-elf/lib/mno-hw-mul\libsmallc.a(lib_a-printf.o)
 .debug_frame   0x00000000000000d0       0x48 c:/intelfpga_lite/22.1std/nios2eds/bin/gnu/h-x86_64-mingw32/bin/../lib/gcc/nios2-elf/12.1.1/../../../../../H-x86_64-mingw32/nios2-elf/lib/mno-hw-mul\libsmallc.a(lib_a-puts.o)
 .debug_frame   0x0000000000000118       0x3c c:/intelfpga_lite/22.1std/nios2eds/bin/gnu/h-x86_64-mingw32/bin/../lib/gcc/nios2-elf/12.1.1/../../../../../H-x86_64-mingw32/nios2-elf/lib/mno-hw-mul\libsmallc.a(lib_a-rand.o)
 .debug_frame   0x0000000000000154       0x20 c:/intelfpga_lite/22.1std/nios2eds/bin/gnu/h-x86_64-mingw32/bin/../lib/gcc/nios2-elf/12.1.1/../../../../../H-x86_64-mingw32/nios2-elf/lib/mno-hw-mul\libsmallc.a(lib_a-strlen.o)
 .debug_frame   0x0000000000000174       0x30 c:/intelfpga_lite/22.1std/nios2eds/bin/gnu/h-x86_64-mingw32/bin/../lib/gcc/nios2-elf/12.1.1/../../../../../H-x86_64-mingw32/nios2-elf/lib/mno-hw-mul\libsmallc.a(lib_a-time.o)
 .debug_frame   0x00000000000001a4       0x90 c:/intelfpga_lite/22.1std/nios2eds/bin/gnu/h-x86_64-mingw32/bin/../lib/gcc/nios2-elf/12.1.1/../../../../../H-x86_64-mingw32/nios2-elf/lib/mno-hw-mul\libsmallc.a(lib_a-vfprintf.o)
 .debug_frame   0x0000000000000234       0x3c c:/intelfpga_lite/22.1std/nios2eds/bin/gnu/h-x86_64-mingw32/bin/../lib/gcc/nios2-elf/12.1.1/../../../../../H-x86_64-mingw32/nios2-elf/lib/mno-hw-mul\libsmallc.a(lib_a-fvwrite_small_dev.o)
 .debug_frame   0x0000000000000270       0x30 c:/intelfpga_lite/22.1std/nios2eds/bin/gnu/h-x86_64-mingw32/bin/../lib/gcc/nios2-elf/12.1.1/../../../../../H-x86_64-mingw32/nios2-elf/lib/mno-hw-mul\libsmallc.a(lib_a-gettimeofdayr.o)
 .debug_frame   0x00000000000002a0       0x30 c:/intelfpga_lite/22.1std/nios2eds/bin/gnu/h-x86_64-mingw32/bin/../lib/gcc/nios2-elf/12.1.1/../../../../../H-x86_64-mingw32/nios2-elf/lib/mno-hw-mul\libsmallc.a(lib_a-writer.o)
 .debug_frame   0x00000000000002d0       0x50 c:/intelfpga_lite/22.1std/nios2eds/bin/gnu/h-x86_64-mingw32/bin/../lib/gcc/nios2-elf/12.1.1/mno-hw-mul\libgcc.a(_muldi3.o)
 .debug_frame   0x0000000000000320       0x20 c:/intelfpga_lite/22.1std/nios2eds/bin/gnu/h-x86_64-mingw32/bin/../lib/gcc/nios2-elf/12.1.1/mno-hw-mul\libgcc.a(lib2-mul.o)
 .debug_frame   0x0000000000000340       0x4c c:/Users/minut/Desktop/ipselector/software/ipselector14_bsp/\libhal_bsp.a(alt_gettod.o)
 .debug_frame   0x000000000000038c       0x2c c:/Users/minut/Desktop/ipselector/software/ipselector14_bsp/\libhal_bsp.a(alt_load.o)
 .debug_frame   0x00000000000003b8       0x2c c:/Users/minut/Desktop/ipselector/software/ipselector14_bsp/\libhal_bsp.a(alt_main.o)
 .debug_frame   0x00000000000003e4       0x4c c:/Users/minut/Desktop/ipselector/software/ipselector14_bsp/\libhal_bsp.a(alt_tick.o)
 .debug_frame   0x0000000000000430       0x20 c:/Users/minut/Desktop/ipselector/software/ipselector14_bsp/\libhal_bsp.a(alt_usleep.o)
 .debug_frame   0x0000000000000450       0x2c c:/Users/minut/Desktop/ipselector/software/ipselector14_bsp/\libhal_bsp.a(alt_write.o)
 .debug_frame   0x000000000000047c       0x3c c:/Users/minut/Desktop/ipselector/software/ipselector14_bsp/\libhal_bsp.a(alt_sys_init.o)
 .debug_frame   0x00000000000004b8       0x20 c:/Users/minut/Desktop/ipselector/software/ipselector14_bsp/\libhal_bsp.a(altera_avalon_jtag_uart_write.o)
 .debug_frame   0x00000000000004d8       0x34 c:/Users/minut/Desktop/ipselector/software/ipselector14_bsp/\libhal_bsp.a(alt_busy_sleep.o)
 .debug_frame   0x000000000000050c       0x20 c:/Users/minut/Desktop/ipselector/software/ipselector14_bsp/\libhal_bsp.a(alt_dcache_flush_all.o)
 .debug_frame   0x000000000000052c       0x20 c:/Users/minut/Desktop/ipselector/software/ipselector14_bsp/\libhal_bsp.a(alt_icache_flush_all.o)
 .debug_frame   0x000000000000054c       0x20 c:/Users/minut/Desktop/ipselector/software/ipselector14_bsp/\libhal_bsp.a(altera_nios2_gen2_irq.o)
 .debug_frame   0x000000000000056c       0x20 c:/intelfpga_lite/22.1std/nios2eds/bin/gnu/h-x86_64-mingw32/bin/../lib/gcc/nios2-elf/12.1.1/../../../../../H-x86_64-mingw32/nios2-elf/lib/mno-hw-mul\libsmallc.a(lib_a-memcpy.o)
 .debug_frame   0x000000000000058c       0x54 c:/intelfpga_lite/22.1std/nios2eds/bin/gnu/h-x86_64-mingw32/bin/../lib/gcc/nios2-elf/12.1.1/mno-hw-mul\libgcc.a(_udivdi3.o)
 .debug_frame   0x00000000000005e0       0x54 c:/intelfpga_lite/22.1std/nios2eds/bin/gnu/h-x86_64-mingw32/bin/../lib/gcc/nios2-elf/12.1.1/mno-hw-mul\libgcc.a(_umoddi3.o)

.debug_str      0x0000000000000000      0xe4c
 *(.debug_str)
 .debug_str     0x0000000000000000       0x5a c:/Users/minut/Desktop/ipselector/software/ipselector14_bsp//obj/HAL/src/crt0.o
 .debug_str     0x000000000000005a      0x15e obj/default/hello_world_small.o
                                        0x1b1 (size before relaxing)
 .debug_str     0x00000000000001b8       0xce c:/intelfpga_lite/22.1std/nios2eds/bin/gnu/h-x86_64-mingw32/bin/../lib/gcc/nios2-elf/12.1.1/mno-hw-mul\libgcc.a(lib2-divmod.o)
                                        0x122 (size before relaxing)
 .debug_str     0x0000000000000286      0x380 c:/intelfpga_lite/22.1std/nios2eds/bin/gnu/h-x86_64-mingw32/bin/../lib/gcc/nios2-elf/12.1.1/../../../../../H-x86_64-mingw32/nios2-elf/lib/mno-hw-mul\libsmallc.a(lib_a-printf.o)
                                        0x455 (size before relaxing)
 .debug_str     0x0000000000000606        0xf c:/intelfpga_lite/22.1std/nios2eds/bin/gnu/h-x86_64-mingw32/bin/../lib/gcc/nios2-elf/12.1.1/../../../../../H-x86_64-mingw32/nios2-elf/lib/mno-hw-mul\libsmallc.a(lib_a-puts.o)
                                        0x406 (size before relaxing)
 .debug_str     0x0000000000000615       0x13 c:/intelfpga_lite/22.1std/nios2eds/bin/gnu/h-x86_64-mingw32/bin/../lib/gcc/nios2-elf/12.1.1/../../../../../H-x86_64-mingw32/nios2-elf/lib/mno-hw-mul\libsmallc.a(lib_a-rand.o)
                                        0x3ff (size before relaxing)
 .debug_str     0x0000000000000628      0x107 c:/intelfpga_lite/22.1std/nios2eds/bin/gnu/h-x86_64-mingw32/bin/../lib/gcc/nios2-elf/12.1.1/../../../../../H-x86_64-mingw32/nios2-elf/lib/mno-hw-mul\libsmallc.a(lib_a-strlen.o)
 .debug_str     0x0000000000000628       0x2d c:/intelfpga_lite/22.1std/nios2eds/bin/gnu/h-x86_64-mingw32/bin/../lib/gcc/nios2-elf/12.1.1/../../../../../H-x86_64-mingw32/nios2-elf/lib/mno-hw-mul\libsmallc.a(lib_a-time.o)
                                        0x433 (size before relaxing)
 .debug_str     0x0000000000000655      0x28b c:/intelfpga_lite/22.1std/nios2eds/bin/gnu/h-x86_64-mingw32/bin/../lib/gcc/nios2-elf/12.1.1/../../../../../H-x86_64-mingw32/nios2-elf/lib/mno-hw-mul\libsmallc.a(lib_a-vfprintf.o)
                                        0x79c (size before relaxing)
 .debug_str     0x00000000000008e0       0x25 c:/intelfpga_lite/22.1std/nios2eds/bin/gnu/h-x86_64-mingw32/bin/../lib/gcc/nios2-elf/12.1.1/../../../../../H-x86_64-mingw32/nios2-elf/lib/mno-hw-mul\libsmallc.a(lib_a-fvwrite_small_dev.o)
                                        0x410 (size before relaxing)
 .debug_str     0x0000000000000905       0x20 c:/intelfpga_lite/22.1std/nios2eds/bin/gnu/h-x86_64-mingw32/bin/../lib/gcc/nios2-elf/12.1.1/../../../../../H-x86_64-mingw32/nios2-elf/lib/mno-hw-mul\libsmallc.a(lib_a-gettimeofdayr.o)
                                        0x448 (size before relaxing)
 .debug_str     0x0000000000000925       0x1f c:/intelfpga_lite/22.1std/nios2eds/bin/gnu/h-x86_64-mingw32/bin/../lib/gcc/nios2-elf/12.1.1/../../../../../H-x86_64-mingw32/nios2-elf/lib/mno-hw-mul\libsmallc.a(lib_a-impure.o)
                                        0x3f5 (size before relaxing)
 .debug_str     0x0000000000000944       0xf9 c:/intelfpga_lite/22.1std/nios2eds/bin/gnu/h-x86_64-mingw32/bin/../lib/gcc/nios2-elf/12.1.1/../../../../../H-x86_64-mingw32/nios2-elf/lib/mno-hw-mul\libsmallc.a(lib_a-int_errno.o)
 .debug_str     0x0000000000000944       0x1f c:/intelfpga_lite/22.1std/nios2eds/bin/gnu/h-x86_64-mingw32/bin/../lib/gcc/nios2-elf/12.1.1/../../../../../H-x86_64-mingw32/nios2-elf/lib/mno-hw-mul\libsmallc.a(lib_a-writer.o)
                                        0x3ef (size before relaxing)
 .debug_str     0x0000000000000944       0x5b c:/intelfpga_lite/22.1std/nios2eds/bin/gnu/h-x86_64-mingw32/bin/../lib/gcc/nios2-elf/12.1.1/mno-hw-mul\libgcc.a(_muldi3.o)
                                        0x194 (size before relaxing)
 .debug_str     0x000000000000099f       0xe6 c:/intelfpga_lite/22.1std/nios2eds/bin/gnu/h-x86_64-mingw32/bin/../lib/gcc/nios2-elf/12.1.1/mno-hw-mul\libgcc.a(lib2-mul.o)
 .debug_str     0x000000000000099f       0x98 c:/Users/minut/Desktop/ipselector/software/ipselector14_bsp/\libhal_bsp.a(alt_gettod.o)
                                        0x220 (size before relaxing)
 .debug_str     0x0000000000000a37      0x111 c:/Users/minut/Desktop/ipselector/software/ipselector14_bsp/\libhal_bsp.a(alt_load.o)
                                        0x208 (size before relaxing)
 .debug_str     0x0000000000000b48       0x4b c:/Users/minut/Desktop/ipselector/software/ipselector14_bsp/\libhal_bsp.a(alt_main.o)
                                        0x138 (size before relaxing)
 .debug_str     0x0000000000000b93       0xb8 c:/Users/minut/Desktop/ipselector/software/ipselector14_bsp/\libhal_bsp.a(alt_tick.o)
                                        0x1fe (size before relaxing)
 .debug_str     0x0000000000000c4b       0x1c c:/Users/minut/Desktop/ipselector/software/ipselector14_bsp/\libhal_bsp.a(alt_usleep.o)
                                        0x116 (size before relaxing)
 .debug_str     0x0000000000000c67       0x5c c:/Users/minut/Desktop/ipselector/software/ipselector14_bsp/\libhal_bsp.a(alt_write.o)
                                        0x15c (size before relaxing)
 .debug_str     0x0000000000000cc3       0x5c c:/Users/minut/Desktop/ipselector/software/ipselector14_bsp/\libhal_bsp.a(alt_sys_init.o)
                                        0x184 (size before relaxing)
 .debug_str     0x0000000000000d1f       0x5c c:/Users/minut/Desktop/ipselector/software/ipselector14_bsp/\libhal_bsp.a(altera_avalon_jtag_uart_write.o)
                                        0x15c (size before relaxing)
 .debug_str     0x0000000000000d1f       0x1a c:/Users/minut/Desktop/ipselector/software/ipselector14_bsp/\libhal_bsp.a(alt_busy_sleep.o)
                                        0x12c (size before relaxing)
 .debug_str     0x0000000000000d39       0xfd c:/Users/minut/Desktop/ipselector/software/ipselector14_bsp/\libhal_bsp.a(alt_dcache_flush_all.o)
 .debug_str     0x0000000000000d39        0x8 c:/Users/minut/Desktop/ipselector/software/ipselector14_bsp/\libhal_bsp.a(alt_errno.o)
                                         0xfa (size before relaxing)
 .debug_str     0x0000000000000d41       0xfd c:/Users/minut/Desktop/ipselector/software/ipselector14_bsp/\libhal_bsp.a(alt_icache_flush_all.o)
 .debug_str     0x0000000000000d41      0x103 c:/Users/minut/Desktop/ipselector/software/ipselector14_bsp/\libhal_bsp.a(altera_nios2_gen2_irq.o)
 .debug_str     0x0000000000000d41       0x14 c:/intelfpga_lite/22.1std/nios2eds/bin/gnu/h-x86_64-mingw32/bin/../lib/gcc/nios2-elf/12.1.1/../../../../../H-x86_64-mingw32/nios2-elf/lib/mno-hw-mul\libsmallc.a(lib_a-memcpy.o)
                                        0x115 (size before relaxing)
 .debug_str     0x0000000000000d55       0xf7 c:/intelfpga_lite/22.1std/nios2eds/bin/gnu/h-x86_64-mingw32/bin/../lib/gcc/nios2-elf/12.1.1/mno-hw-mul\libgcc.a(_udivdi3.o)
                                        0x216 (size before relaxing)
 .debug_str     0x0000000000000e4c      0x216 c:/intelfpga_lite/22.1std/nios2eds/bin/gnu/h-x86_64-mingw32/bin/../lib/gcc/nios2-elf/12.1.1/mno-hw-mul\libgcc.a(_umoddi3.o)
 .debug_str     0x0000000000000e4c      0x140 c:/intelfpga_lite/22.1std/nios2eds/bin/gnu/h-x86_64-mingw32/bin/../lib/gcc/nios2-elf/12.1.1/mno-hw-mul\libgcc.a(_clz.o)

.debug_loc
 *(.debug_loc)

.debug_macinfo
 *(.debug_macinfo)

.debug_weaknames
 *(.debug_weaknames)

.debug_funcnames
 *(.debug_funcnames)

.debug_typenames
 *(.debug_typenames)

.debug_varnames
 *(.debug_varnames)

.debug_alt_sim_info
                0x0000000000000000       0x40
 *(.debug_alt_sim_info)
 .debug_alt_sim_info
                0x0000000000000000       0x10 c:/Users/minut/Desktop/ipselector/software/ipselector14_bsp//obj/HAL/src/crt0.o
 .debug_alt_sim_info
                0x0000000000000010       0x30 c:/Users/minut/Desktop/ipselector/software/ipselector14_bsp/\libhal_bsp.a(alt_busy_sleep.o)
                0x000000000001a000                __alt_data_end = 0x1a000
                0x000000000001a000                PROVIDE (__alt_stack_pointer = __alt_data_end)
                [!provide]                        PROVIDE (__alt_stack_limit = __alt_stack_base)
                [!provide]                        PROVIDE (__alt_heap_start = end)
                [!provide]                        PROVIDE (__alt_heap_limit = 0x1a000)
OUTPUT(ipselector14.elf elf32-littlenios2)
LOAD linker stubs

.debug_ranges   0x0000000000000000       0x20
 .debug_ranges  0x0000000000000000       0x20 c:/Users/minut/Desktop/ipselector/software/ipselector14_bsp//obj/HAL/src/crt0.o

.debug_loclists
                0x0000000000000000     0x2e86
 .debug_loclists
                0x0000000000000000      0x17c obj/default/hello_world_small.o
 .debug_loclists
                0x000000000000017c      0x37a c:/intelfpga_lite/22.1std/nios2eds/bin/gnu/h-x86_64-mingw32/bin/../lib/gcc/nios2-elf/12.1.1/mno-hw-mul\libgcc.a(lib2-divmod.o)
 .debug_loclists
                0x00000000000004f6       0xaa c:/intelfpga_lite/22.1std/nios2eds/bin/gnu/h-x86_64-mingw32/bin/../lib/gcc/nios2-elf/12.1.1/../../../../../H-x86_64-mingw32/nios2-elf/lib/mno-hw-mul\libsmallc.a(lib_a-printf.o)
 .debug_loclists
                0x00000000000005a0       0x73 c:/intelfpga_lite/22.1std/nios2eds/bin/gnu/h-x86_64-mingw32/bin/../lib/gcc/nios2-elf/12.1.1/../../../../../H-x86_64-mingw32/nios2-elf/lib/mno-hw-mul\libsmallc.a(lib_a-puts.o)
 .debug_loclists
                0x0000000000000613       0x32 c:/intelfpga_lite/22.1std/nios2eds/bin/gnu/h-x86_64-mingw32/bin/../lib/gcc/nios2-elf/12.1.1/../../../../../H-x86_64-mingw32/nios2-elf/lib/mno-hw-mul\libsmallc.a(lib_a-strlen.o)
 .debug_loclists
                0x0000000000000645       0x2a c:/intelfpga_lite/22.1std/nios2eds/bin/gnu/h-x86_64-mingw32/bin/../lib/gcc/nios2-elf/12.1.1/../../../../../H-x86_64-mingw32/nios2-elf/lib/mno-hw-mul\libsmallc.a(lib_a-time.o)
 .debug_loclists
                0x000000000000066f      0x822 c:/intelfpga_lite/22.1std/nios2eds/bin/gnu/h-x86_64-mingw32/bin/../lib/gcc/nios2-elf/12.1.1/../../../../../H-x86_64-mingw32/nios2-elf/lib/mno-hw-mul\libsmallc.a(lib_a-vfprintf.o)
 .debug_loclists
                0x0000000000000e91       0xc5 c:/intelfpga_lite/22.1std/nios2eds/bin/gnu/h-x86_64-mingw32/bin/../lib/gcc/nios2-elf/12.1.1/../../../../../H-x86_64-mingw32/nios2-elf/lib/mno-hw-mul\libsmallc.a(lib_a-fvwrite_small_dev.o)
 .debug_loclists
                0x0000000000000f56       0x6a c:/intelfpga_lite/22.1std/nios2eds/bin/gnu/h-x86_64-mingw32/bin/../lib/gcc/nios2-elf/12.1.1/../../../../../H-x86_64-mingw32/nios2-elf/lib/mno-hw-mul\libsmallc.a(lib_a-gettimeofdayr.o)
 .debug_loclists
                0x0000000000000fc0       0x88 c:/intelfpga_lite/22.1std/nios2eds/bin/gnu/h-x86_64-mingw32/bin/../lib/gcc/nios2-elf/12.1.1/../../../../../H-x86_64-mingw32/nios2-elf/lib/mno-hw-mul\libsmallc.a(lib_a-writer.o)
 .debug_loclists
                0x0000000000001048      0x11d c:/intelfpga_lite/22.1std/nios2eds/bin/gnu/h-x86_64-mingw32/bin/../lib/gcc/nios2-elf/12.1.1/mno-hw-mul\libgcc.a(_muldi3.o)
 .debug_loclists
                0x0000000000001165       0x5b c:/intelfpga_lite/22.1std/nios2eds/bin/gnu/h-x86_64-mingw32/bin/../lib/gcc/nios2-elf/12.1.1/mno-hw-mul\libgcc.a(lib2-mul.o)
 .debug_loclists
                0x00000000000011c0       0xc4 c:/Users/minut/Desktop/ipselector/software/ipselector14_bsp/\libhal_bsp.a(alt_gettod.o)
 .debug_loclists
                0x0000000000001284       0x63 c:/Users/minut/Desktop/ipselector/software/ipselector14_bsp/\libhal_bsp.a(alt_tick.o)
 .debug_loclists
                0x00000000000012e7       0x1e c:/Users/minut/Desktop/ipselector/software/ipselector14_bsp/\libhal_bsp.a(alt_usleep.o)
 .debug_loclists
                0x0000000000001305       0x7b c:/Users/minut/Desktop/ipselector/software/ipselector14_bsp/\libhal_bsp.a(alt_write.o)
 .debug_loclists
                0x0000000000001380       0x1e c:/Users/minut/Desktop/ipselector/software/ipselector14_bsp/\libhal_bsp.a(alt_sys_init.o)
 .debug_loclists
                0x000000000000139e       0x5e c:/Users/minut/Desktop/ipselector/software/ipselector14_bsp/\libhal_bsp.a(altera_avalon_jtag_uart_write.o)
 .debug_loclists
                0x00000000000013fc       0x8a c:/Users/minut/Desktop/ipselector/software/ipselector14_bsp/\libhal_bsp.a(alt_busy_sleep.o)
 .debug_loclists
                0x0000000000001486       0xcc c:/intelfpga_lite/22.1std/nios2eds/bin/gnu/h-x86_64-mingw32/bin/../lib/gcc/nios2-elf/12.1.1/../../../../../H-x86_64-mingw32/nios2-elf/lib/mno-hw-mul\libsmallc.a(lib_a-memcpy.o)
 .debug_loclists
                0x0000000000001552      0xdbb c:/intelfpga_lite/22.1std/nios2eds/bin/gnu/h-x86_64-mingw32/bin/../lib/gcc/nios2-elf/12.1.1/mno-hw-mul\libgcc.a(_udivdi3.o)
 .debug_loclists
                0x000000000000230d      0xb79 c:/intelfpga_lite/22.1std/nios2eds/bin/gnu/h-x86_64-mingw32/bin/../lib/gcc/nios2-elf/12.1.1/mno-hw-mul\libgcc.a(_umoddi3.o)

.debug_rnglists
                0x0000000000000000      0x3fb
 .debug_rnglists
                0x0000000000000000       0x2e obj/default/hello_world_small.o
 .debug_rnglists
                0x000000000000002e       0x3f c:/intelfpga_lite/22.1std/nios2eds/bin/gnu/h-x86_64-mingw32/bin/../lib/gcc/nios2-elf/12.1.1/mno-hw-mul\libgcc.a(lib2-divmod.o)
 .debug_rnglists
                0x000000000000006d       0x19 c:/intelfpga_lite/22.1std/nios2eds/bin/gnu/h-x86_64-mingw32/bin/../lib/gcc/nios2-elf/12.1.1/../../../../../H-x86_64-mingw32/nios2-elf/lib/mno-hw-mul\libsmallc.a(lib_a-printf.o)
 .debug_rnglists
                0x0000000000000086       0x1a c:/intelfpga_lite/22.1std/nios2eds/bin/gnu/h-x86_64-mingw32/bin/../lib/gcc/nios2-elf/12.1.1/../../../../../H-x86_64-mingw32/nios2-elf/lib/mno-hw-mul\libsmallc.a(lib_a-puts.o)
 .debug_rnglists
                0x00000000000000a0       0x19 c:/intelfpga_lite/22.1std/nios2eds/bin/gnu/h-x86_64-mingw32/bin/../lib/gcc/nios2-elf/12.1.1/../../../../../H-x86_64-mingw32/nios2-elf/lib/mno-hw-mul\libsmallc.a(lib_a-rand.o)
 .debug_rnglists
                0x00000000000000b9       0x13 c:/intelfpga_lite/22.1std/nios2eds/bin/gnu/h-x86_64-mingw32/bin/../lib/gcc/nios2-elf/12.1.1/../../../../../H-x86_64-mingw32/nios2-elf/lib/mno-hw-mul\libsmallc.a(lib_a-strlen.o)
 .debug_rnglists
                0x00000000000000cc       0x13 c:/intelfpga_lite/22.1std/nios2eds/bin/gnu/h-x86_64-mingw32/bin/../lib/gcc/nios2-elf/12.1.1/../../../../../H-x86_64-mingw32/nios2-elf/lib/mno-hw-mul\libsmallc.a(lib_a-time.o)
 .debug_rnglists
                0x00000000000000df       0x84 c:/intelfpga_lite/22.1std/nios2eds/bin/gnu/h-x86_64-mingw32/bin/../lib/gcc/nios2-elf/12.1.1/../../../../../H-x86_64-mingw32/nios2-elf/lib/mno-hw-mul\libsmallc.a(lib_a-vfprintf.o)
 .debug_rnglists
                0x0000000000000163       0x14 c:/intelfpga_lite/22.1std/nios2eds/bin/gnu/h-x86_64-mingw32/bin/../lib/gcc/nios2-elf/12.1.1/../../../../../H-x86_64-mingw32/nios2-elf/lib/mno-hw-mul\libsmallc.a(lib_a-fvwrite_small_dev.o)
 .debug_rnglists
                0x0000000000000177       0x13 c:/intelfpga_lite/22.1std/nios2eds/bin/gnu/h-x86_64-mingw32/bin/../lib/gcc/nios2-elf/12.1.1/../../../../../H-x86_64-mingw32/nios2-elf/lib/mno-hw-mul\libsmallc.a(lib_a-gettimeofdayr.o)
 .debug_rnglists
                0x000000000000018a       0x13 c:/intelfpga_lite/22.1std/nios2eds/bin/gnu/h-x86_64-mingw32/bin/../lib/gcc/nios2-elf/12.1.1/../../../../../H-x86_64-mingw32/nios2-elf/lib/mno-hw-mul\libsmallc.a(lib_a-writer.o)
 .debug_rnglists
                0x000000000000019d       0x22 c:/intelfpga_lite/22.1std/nios2eds/bin/gnu/h-x86_64-mingw32/bin/../lib/gcc/nios2-elf/12.1.1/mno-hw-mul\libgcc.a(_muldi3.o)
 .debug_rnglists
                0x00000000000001bf       0x1a c:/Users/minut/Desktop/ipselector/software/ipselector14_bsp/\libhal_bsp.a(alt_gettod.o)
 .debug_rnglists
                0x00000000000001d9       0x23 c:/Users/minut/Desktop/ipselector/software/ipselector14_bsp/\libhal_bsp.a(alt_load.o)
 .debug_rnglists
                0x00000000000001fc       0x16 c:/Users/minut/Desktop/ipselector/software/ipselector14_bsp/\libhal_bsp.a(alt_write.o)
 .debug_rnglists
                0x0000000000000212       0x13 c:/intelfpga_lite/22.1std/nios2eds/bin/gnu/h-x86_64-mingw32/bin/../lib/gcc/nios2-elf/12.1.1/../../../../../H-x86_64-mingw32/nios2-elf/lib/mno-hw-mul\libsmallc.a(lib_a-memcpy.o)
 .debug_rnglists
                0x0000000000000225      0x106 c:/intelfpga_lite/22.1std/nios2eds/bin/gnu/h-x86_64-mingw32/bin/../lib/gcc/nios2-elf/12.1.1/mno-hw-mul\libgcc.a(_udivdi3.o)
 .debug_rnglists
                0x000000000000032b       0xd0 c:/intelfpga_lite/22.1std/nios2eds/bin/gnu/h-x86_64-mingw32/bin/../lib/gcc/nios2-elf/12.1.1/mno-hw-mul\libgcc.a(_umoddi3.o)

.debug_line_str
                0x0000000000000000      0xf06
 .debug_line_str
                0x0000000000000000      0x1d1 obj/default/hello_world_small.o
                                        0x231 (size before relaxing)
 .debug_line_str
                0x00000000000001d1       0xf2 c:/intelfpga_lite/22.1std/nios2eds/bin/gnu/h-x86_64-mingw32/bin/../lib/gcc/nios2-elf/12.1.1/mno-hw-mul\libgcc.a(lib2-divmod.o)
                                        0x1b6 (size before relaxing)
 .debug_line_str
                0x00000000000002c3      0x253 c:/intelfpga_lite/22.1std/nios2eds/bin/gnu/h-x86_64-mingw32/bin/../lib/gcc/nios2-elf/12.1.1/../../../../../H-x86_64-mingw32/nios2-elf/lib/mno-hw-mul\libsmallc.a(lib_a-printf.o)
                                        0x338 (size before relaxing)
 .debug_line_str
                0x0000000000000516       0x45 c:/intelfpga_lite/22.1std/nios2eds/bin/gnu/h-x86_64-mingw32/bin/../lib/gcc/nios2-elf/12.1.1/../../../../../H-x86_64-mingw32/nios2-elf/lib/mno-hw-mul\libsmallc.a(lib_a-puts.o)
                                        0x32a (size before relaxing)
 .debug_line_str
                0x000000000000055b      0x101 c:/intelfpga_lite/22.1std/nios2eds/bin/gnu/h-x86_64-mingw32/bin/../lib/gcc/nios2-elf/12.1.1/../../../../../H-x86_64-mingw32/nios2-elf/lib/mno-hw-mul\libsmallc.a(lib_a-rand.o)
                                        0x31d (size before relaxing)
 .debug_line_str
                0x000000000000065c      0x103 c:/intelfpga_lite/22.1std/nios2eds/bin/gnu/h-x86_64-mingw32/bin/../lib/gcc/nios2-elf/12.1.1/../../../../../H-x86_64-mingw32/nios2-elf/lib/mno-hw-mul\libsmallc.a(lib_a-strlen.o)
                                        0x2b3 (size before relaxing)
 .debug_line_str
                0x000000000000075f      0x15e c:/intelfpga_lite/22.1std/nios2eds/bin/gnu/h-x86_64-mingw32/bin/../lib/gcc/nios2-elf/12.1.1/../../../../../H-x86_64-mingw32/nios2-elf/lib/mno-hw-mul\libsmallc.a(lib_a-time.o)
                                        0x398 (size before relaxing)
 .debug_line_str
                0x00000000000008bd       0x9d c:/intelfpga_lite/22.1std/nios2eds/bin/gnu/h-x86_64-mingw32/bin/../lib/gcc/nios2-elf/12.1.1/../../../../../H-x86_64-mingw32/nios2-elf/lib/mno-hw-mul\libsmallc.a(lib_a-vfprintf.o)
                                        0x39b (size before relaxing)
 .debug_line_str
                0x000000000000095a       0x49 c:/intelfpga_lite/22.1std/nios2eds/bin/gnu/h-x86_64-mingw32/bin/../lib/gcc/nios2-elf/12.1.1/../../../../../H-x86_64-mingw32/nios2-elf/lib/mno-hw-mul\libsmallc.a(lib_a-fvwrite_small_dev.o)
                                        0x33e (size before relaxing)
 .debug_line_str
                0x00000000000009a3      0x107 c:/intelfpga_lite/22.1std/nios2eds/bin/gnu/h-x86_64-mingw32/bin/../lib/gcc/nios2-elf/12.1.1/../../../../../H-x86_64-mingw32/nios2-elf/lib/mno-hw-mul\libsmallc.a(lib_a-gettimeofdayr.o)
                                        0x3b8 (size before relaxing)
 .debug_line_str
                0x0000000000000aaa       0x3e c:/intelfpga_lite/22.1std/nios2eds/bin/gnu/h-x86_64-mingw32/bin/../lib/gcc/nios2-elf/12.1.1/../../../../../H-x86_64-mingw32/nios2-elf/lib/mno-hw-mul\libsmallc.a(lib_a-impure.o)
                                        0x2ba (size before relaxing)
 .debug_line_str
                0x0000000000000ae8       0x41 c:/intelfpga_lite/22.1std/nios2eds/bin/gnu/h-x86_64-mingw32/bin/../lib/gcc/nios2-elf/12.1.1/../../../../../H-x86_64-mingw32/nios2-elf/lib/mno-hw-mul\libsmallc.a(lib_a-int_errno.o)
                                        0x1dd (size before relaxing)
 .debug_line_str
                0x0000000000000b29       0x47 c:/intelfpga_lite/22.1std/nios2eds/bin/gnu/h-x86_64-mingw32/bin/../lib/gcc/nios2-elf/12.1.1/../../../../../H-x86_64-mingw32/nios2-elf/lib/mno-hw-mul\libsmallc.a(lib_a-writer.o)
                                        0x326 (size before relaxing)
 .debug_line_str
                0x0000000000000b70       0x58 c:/intelfpga_lite/22.1std/nios2eds/bin/gnu/h-x86_64-mingw32/bin/../lib/gcc/nios2-elf/12.1.1/mno-hw-mul\libgcc.a(_muldi3.o)
                                        0x180 (size before relaxing)
 .debug_line_str
                0x0000000000000bc8       0x3a c:/intelfpga_lite/22.1std/nios2eds/bin/gnu/h-x86_64-mingw32/bin/../lib/gcc/nios2-elf/12.1.1/mno-hw-mul\libgcc.a(lib2-mul.o)
                                        0x1ad (size before relaxing)
 .debug_line_str
                0x0000000000000c02       0x8c c:/Users/minut/Desktop/ipselector/software/ipselector14_bsp/\libhal_bsp.a(alt_gettod.o)
                                        0x1d6 (size before relaxing)
 .debug_line_str
                0x0000000000000c8e       0x2a c:/Users/minut/Desktop/ipselector/software/ipselector14_bsp/\libhal_bsp.a(alt_load.o)
                                         0xf7 (size before relaxing)
 .debug_line_str
                0x0000000000000cb8       0x3b c:/Users/minut/Desktop/ipselector/software/ipselector14_bsp/\libhal_bsp.a(alt_main.o)
                                         0xf6 (size before relaxing)
 .debug_line_str
                0x0000000000000cf3       0x1f c:/Users/minut/Desktop/ipselector/software/ipselector14_bsp/\libhal_bsp.a(alt_tick.o)
                                        0x112 (size before relaxing)
 .debug_line_str
                0x0000000000000d12       0x26 c:/Users/minut/Desktop/ipselector/software/ipselector14_bsp/\libhal_bsp.a(alt_usleep.o)
                                        0x143 (size before relaxing)
 .debug_line_str
                0x0000000000000d38       0x7d c:/Users/minut/Desktop/ipselector/software/ipselector14_bsp/\libhal_bsp.a(alt_write.o)
                                        0x18f (size before relaxing)
 .debug_line_str
                0x0000000000000db5       0x4f c:/Users/minut/Desktop/ipselector/software/ipselector14_bsp/\libhal_bsp.a(alt_sys_init.o)
                                        0x107 (size before relaxing)
 .debug_line_str
                0x0000000000000e04       0x38 c:/Users/minut/Desktop/ipselector/software/ipselector14_bsp/\libhal_bsp.a(altera_avalon_jtag_uart_write.o)
                                        0x13a (size before relaxing)
 .debug_line_str
                0x0000000000000e3c       0x19 c:/Users/minut/Desktop/ipselector/software/ipselector14_bsp/\libhal_bsp.a(alt_busy_sleep.o)
                                         0xd9 (size before relaxing)
 .debug_line_str
                0x0000000000000e55       0x1f c:/Users/minut/Desktop/ipselector/software/ipselector14_bsp/\libhal_bsp.a(alt_dcache_flush_all.o)
                                         0xd5 (size before relaxing)
 .debug_line_str
                0x0000000000000e74       0x14 c:/Users/minut/Desktop/ipselector/software/ipselector14_bsp/\libhal_bsp.a(alt_errno.o)
                                        0x128 (size before relaxing)
 .debug_line_str
                0x0000000000000e88       0x1f c:/Users/minut/Desktop/ipselector/software/ipselector14_bsp/\libhal_bsp.a(alt_icache_flush_all.o)
                                         0xd5 (size before relaxing)
 .debug_line_str
                0x0000000000000ea7       0x20 c:/Users/minut/Desktop/ipselector/software/ipselector14_bsp/\libhal_bsp.a(altera_nios2_gen2_irq.o)
                                         0xd8 (size before relaxing)
 .debug_line_str
                0x0000000000000ec7       0x3f c:/intelfpga_lite/22.1std/nios2eds/bin/gnu/h-x86_64-mingw32/bin/../lib/gcc/nios2-elf/12.1.1/../../../../../H-x86_64-mingw32/nios2-elf/lib/mno-hw-mul\libsmallc.a(lib_a-memcpy.o)
                                        0x2b3 (size before relaxing)
 .debug_line_str
                0x0000000000000f06      0x180 c:/intelfpga_lite/22.1std/nios2eds/bin/gnu/h-x86_64-mingw32/bin/../lib/gcc/nios2-elf/12.1.1/mno-hw-mul\libgcc.a(_udivdi3.o)
 .debug_line_str
                0x0000000000000f06      0x180 c:/intelfpga_lite/22.1std/nios2eds/bin/gnu/h-x86_64-mingw32/bin/../lib/gcc/nios2-elf/12.1.1/mno-hw-mul\libgcc.a(_umoddi3.o)
 .debug_line_str
                0x0000000000000f06      0x180 c:/intelfpga_lite/22.1std/nios2eds/bin/gnu/h-x86_64-mingw32/bin/../lib/gcc/nios2-elf/12.1.1/mno-hw-mul\libgcc.a(_clz.o)